Archive member included to satisfy reference by file (symbol)

c:/program files (x86)/atmel/studio/7.0/toolchain/avr8/avr8-gnu-toolchain/bin/../lib/gcc/avr/5.4.0/../../../../avr/lib/avr51\libm.a(addsf3.o)
                              controller.o (__subsf3)
c:/program files (x86)/atmel/studio/7.0/toolchain/avr8/avr8-gnu-toolchain/bin/../lib/gcc/avr/5.4.0/../../../../avr/lib/avr51\libm.a(addsf3x.o)
                              c:/program files (x86)/atmel/studio/7.0/toolchain/avr8/avr8-gnu-toolchain/bin/../lib/gcc/avr/5.4.0/../../../../avr/lib/avr51\libm.a(addsf3.o) (__addsf3x)
c:/program files (x86)/atmel/studio/7.0/toolchain/avr8/avr8-gnu-toolchain/bin/../lib/gcc/avr/5.4.0/../../../../avr/lib/avr51\libm.a(cmpsf2.o)
                              controller.o (__ltsf2)
c:/program files (x86)/atmel/studio/7.0/toolchain/avr8/avr8-gnu-toolchain/bin/../lib/gcc/avr/5.4.0/../../../../avr/lib/avr51\libm.a(divsf3.o)
                              controller.o (__divsf3)
c:/program files (x86)/atmel/studio/7.0/toolchain/avr8/avr8-gnu-toolchain/bin/../lib/gcc/avr/5.4.0/../../../../avr/lib/avr51\libm.a(divsf3x.o)
                              c:/program files (x86)/atmel/studio/7.0/toolchain/avr8/avr8-gnu-toolchain/bin/../lib/gcc/avr/5.4.0/../../../../avr/lib/avr51\libm.a(divsf3.o) (__divsf3x)
c:/program files (x86)/atmel/studio/7.0/toolchain/avr8/avr8-gnu-toolchain/bin/../lib/gcc/avr/5.4.0/../../../../avr/lib/avr51\libm.a(fixsfsi.o)
                              controller.o (__fixsfsi)
c:/program files (x86)/atmel/studio/7.0/toolchain/avr8/avr8-gnu-toolchain/bin/../lib/gcc/avr/5.4.0/../../../../avr/lib/avr51\libm.a(fixunssfsi.o)
                              controller.o (__fixunssfsi)
c:/program files (x86)/atmel/studio/7.0/toolchain/avr8/avr8-gnu-toolchain/bin/../lib/gcc/avr/5.4.0/../../../../avr/lib/avr51\libm.a(floatsisf.o)
                              controller.o (__floatunsisf)
c:/program files (x86)/atmel/studio/7.0/toolchain/avr8/avr8-gnu-toolchain/bin/../lib/gcc/avr/5.4.0/../../../../avr/lib/avr51\libm.a(fp_cmp.o)
                              c:/program files (x86)/atmel/studio/7.0/toolchain/avr8/avr8-gnu-toolchain/bin/../lib/gcc/avr/5.4.0/../../../../avr/lib/avr51\libm.a(cmpsf2.o) (__fp_cmp)
c:/program files (x86)/atmel/studio/7.0/toolchain/avr8/avr8-gnu-toolchain/bin/../lib/gcc/avr/5.4.0/../../../../avr/lib/avr51\libm.a(fp_inf.o)
                              c:/program files (x86)/atmel/studio/7.0/toolchain/avr8/avr8-gnu-toolchain/bin/../lib/gcc/avr/5.4.0/../../../../avr/lib/avr51\libm.a(addsf3x.o) (__fp_inf)
c:/program files (x86)/atmel/studio/7.0/toolchain/avr8/avr8-gnu-toolchain/bin/../lib/gcc/avr/5.4.0/../../../../avr/lib/avr51\libm.a(fp_nan.o)
                              c:/program files (x86)/atmel/studio/7.0/toolchain/avr8/avr8-gnu-toolchain/bin/../lib/gcc/avr/5.4.0/../../../../avr/lib/avr51\libm.a(addsf3x.o) (__fp_nan)
c:/program files (x86)/atmel/studio/7.0/toolchain/avr8/avr8-gnu-toolchain/bin/../lib/gcc/avr/5.4.0/../../../../avr/lib/avr51\libm.a(fp_pscA.o)
                              c:/program files (x86)/atmel/studio/7.0/toolchain/avr8/avr8-gnu-toolchain/bin/../lib/gcc/avr/5.4.0/../../../../avr/lib/avr51\libm.a(addsf3x.o) (__fp_pscA)
c:/program files (x86)/atmel/studio/7.0/toolchain/avr8/avr8-gnu-toolchain/bin/../lib/gcc/avr/5.4.0/../../../../avr/lib/avr51\libm.a(fp_pscB.o)
                              c:/program files (x86)/atmel/studio/7.0/toolchain/avr8/avr8-gnu-toolchain/bin/../lib/gcc/avr/5.4.0/../../../../avr/lib/avr51\libm.a(addsf3x.o) (__fp_pscB)
c:/program files (x86)/atmel/studio/7.0/toolchain/avr8/avr8-gnu-toolchain/bin/../lib/gcc/avr/5.4.0/../../../../avr/lib/avr51\libm.a(fp_round.o)
                              c:/program files (x86)/atmel/studio/7.0/toolchain/avr8/avr8-gnu-toolchain/bin/../lib/gcc/avr/5.4.0/../../../../avr/lib/avr51\libm.a(addsf3.o) (__fp_round)
c:/program files (x86)/atmel/studio/7.0/toolchain/avr8/avr8-gnu-toolchain/bin/../lib/gcc/avr/5.4.0/../../../../avr/lib/avr51\libm.a(fp_split3.o)
                              c:/program files (x86)/atmel/studio/7.0/toolchain/avr8/avr8-gnu-toolchain/bin/../lib/gcc/avr/5.4.0/../../../../avr/lib/avr51\libm.a(addsf3x.o) (__fp_split3)
c:/program files (x86)/atmel/studio/7.0/toolchain/avr8/avr8-gnu-toolchain/bin/../lib/gcc/avr/5.4.0/../../../../avr/lib/avr51\libm.a(fp_zero.o)
                              c:/program files (x86)/atmel/studio/7.0/toolchain/avr8/avr8-gnu-toolchain/bin/../lib/gcc/avr/5.4.0/../../../../avr/lib/avr51\libm.a(addsf3x.o) (__fp_zero)
c:/program files (x86)/atmel/studio/7.0/toolchain/avr8/avr8-gnu-toolchain/bin/../lib/gcc/avr/5.4.0/../../../../avr/lib/avr51\libm.a(gesf2.o)
                              controller.o (__gesf2)
c:/program files (x86)/atmel/studio/7.0/toolchain/avr8/avr8-gnu-toolchain/bin/../lib/gcc/avr/5.4.0/../../../../avr/lib/avr51\libm.a(mulsf3.o)
                              controller.o (__mulsf3)
[...]
Memory Configuration

Name             Origin             Length             Attributes
text             0x00000000         0x00020000         xr
data             0x00800100         0x0000ff00         rw !x
eeprom           0x00810000         0x00010000         rw !x
fuse             0x00820000         0x00000003         rw !x
lock             0x00830000         0x00000400         rw !x
signature        0x00840000         0x00000400         rw !x
user_signatures  0x00850000         0x00000400         rw !x
*default*        0x00000000         0xffffffff

Linker script and memory map

Address of section .data set to 0x800100
LOAD C:/Program Files (x86)/Atmel/Studio/7.0/Packs/atmel/ATmega_DFP/1.1.130/gcc/dev/at90can128/avr51/crtat90can128.o
LOAD controller.o
LOAD DigiCom.o
LOAD speed.o
LOAD state_machine.o
LOAD pwm.o
LOAD usart.o
LOAD main.o
LOAD pid.o
LOAD sensors.o
LOAD UniversalModuleDrivers/adc.o
LOAD UniversalModuleDrivers/can.o
LOAD UniversalModuleDrivers/rgbled.o
LOAD UniversalModuleDrivers/spi.o
LOAD UniversalModuleDrivers/timer.o
LOAD UniversalModuleDrivers/uart.o
LOAD usbdb.o
START GROUP
LOAD c:/program files (x86)/atmel/studio/7.0/toolchain/avr8/avr8-gnu-toolchain/bin/../lib/gcc/avr/5.4.0/../../../../avr/lib/avr51\libm.a
END GROUP
START GROUP
LOAD c:/program files (x86)/atmel/studio/7.0/toolchain/avr8/avr8-gnu-toolchain/bin/../lib/gcc/avr/5.4.0/avr51\libgcc.a
LOAD c:/program files (x86)/atmel/studio/7.0/toolchain/avr8/avr8-gnu-toolchain/bin/../lib/gcc/avr/5.4.0/../../../../avr/lib/avr51\libm.a
LOAD c:/program files (x86)/atmel/studio/7.0/toolchain/avr8/avr8-gnu-toolchain/bin/../lib/gcc/avr/5.4.0/../../../../avr/lib/avr51\libc.a
LOAD C:/Program Files (x86)/Atmel/Studio/7.0/Packs/atmel/ATmega_DFP/1.1.130/gcc/dev/at90can128/avr51\libat90can128.a
END GROUP
                0x00020000                __TEXT_REGION_LENGTH__ = DEFINED (__TEXT_REGION_LENGTH__)?__TEXT_REGION_LENGTH__:0x20000
                0x0000ff00                __DATA_REGION_LENGTH__ = DEFINED (__DATA_REGION_LENGTH__)?__DATA_REGION_LENGTH__:0xff00
                0x00010000                __EEPROM_REGION_LENGTH__ = DEFINED (__EEPROM_REGION_LENGTH__)?__EEPROM_REGION_LENGTH__:0x10000
                [0x00000003]                __FUSE_REGION_LENGTH__ = DEFINED (__FUSE_REGION_LENGTH__)?__FUSE_REGION_LENGTH__:0x400
                0x00000400                __LOCK_REGION_LENGTH__ = DEFINED (__LOCK_REGION_LENGTH__)?__LOCK_REGION_LENGTH__:0x400
                0x00000400                __SIGNATURE_REGION_LENGTH__ = DEFINED (__SIGNATURE_REGION_LENGTH__)?__SIGNATURE_REGION_LENGTH__:0x400
                0x00000400                __USER_SIGNATURE_REGION_LENGTH__ = DEFINED (__USER_SIGNATURE_REGION_LENGTH__)?__USER_SIGNATURE_REGION_LENGTH__:0x400

.hash
 *(.hash)

.dynsym
 *(.dynsym)

.dynstr
 *(.dynstr)

.gnu.version
 *(.gnu.version)

.gnu.version_d
 *(.gnu.version_d)

.gnu.version_r
 *(.gnu.version_r)

.rel.init
 *(.rel.init)

.rela.init
 *(.rela.init)

.rel.text
 *(.rel.text)
 *(.rel.text.*)
 *(.rel.gnu.linkonce.t*)

.rela.text
 *(.rela.text)
 *(.rela.text.*)
 *(.rela.gnu.linkonce.t*)

.rel.fini
 *(.rel.fini)

.rela.fini
 *(.rela.fini)

.rel.rodata
 *(.rel.rodata)
 *(.rel.rodata.*)
 *(.rel.gnu.linkonce.r*)

.rela.rodata
 *(.rela.rodata)
 *(.rela.rodata.*)
 *(.rela.gnu.linkonce.r*)

.rel.data
 *(.rel.data)
 *(.rel.data.*)
 *(.rel.gnu.linkonce.d*)

.rela.data
 *(.rela.data)
 *(.rela.data.*)
 *(.rela.gnu.linkonce.d*)

.rel.ctors
 *(.rel.ctors)

.rela.ctors
 *(.rela.ctors)

.rel.dtors
 *(.rel.dtors)

.rela.dtors
 *(.rela.dtors)

.rel.got
 *(.rel.got)

.rela.got
 *(.rela.got)

.rel.bss
 *(.rel.bss)

.rela.bss
 *(.rela.bss)

.rel.plt
 *(.rel.plt)

.rela.plt
 *(.rela.plt)

.text           0x00000000     0x1e34
 *(.vectors)
 .vectors       0x00000000       0x94 C:/Program Files (x86)/Atmel/Studio/7.0/Packs/atmel/ATmega_DFP/1.1.130/gcc/dev/at90can128/avr51/crtat90can128.o
                0x00000000                __vector_default
                0x00000000                __vectors
 *(.vectors)
 *(.progmem.gcc*)
 .progmem.gcc_sw_table.Set_ADC_Channel_ext
                0x00000094       0x10 UniversalModuleDrivers/adc.o
                0x000000a4                . = ALIGN (0x2)
                0x000000a4                __trampolines_start = .
 *(.trampolines)
 .trampolines   0x000000a4        0x0 linker stubs
 *(.trampolines*)
                0x000000a4                __trampolines_end = .
 *libprintf_flt.a:*(.progmem.data)
 *libc.a:*(.progmem.data)
 *(.progmem*)
                0x000000a4                . = ALIGN (0x2)
 *(.jumptables)
 *(.jumptables*)
 *(.lowtext)
 *(.lowtext*)
                0x000000a4                __ctors_start = .
 *(.ctors)
                0x000000a4                __ctors_end = .
                0x000000a4                __dtors_start = .
 *(.dtors)
                0x000000a4                __dtors_end = .
 SORT(*)(.ctors)
 SORT(*)(.dtors)
 *(.init0)
 .init0         0x000000a4        0x0 C:/Program Files (x86)/Atmel/Studio/7.0/Packs/atmel/ATmega_DFP/1.1.130/gcc/dev/at90can128/avr51/crtat90can128.o
                0x000000a4                __init
 *(.init0)
 *(.init1)
 *(.init1)
 *(.init2)
 .init2         0x000000a4        0xc C:/Program Files (x86)/Atmel/Studio/7.0/Packs/atmel/ATmega_DFP/1.1.130/gcc/dev/at90can128/avr51/crtat90can128.o
 *(.init2)
 *(.init3)
 *(.init3)
 *(.init4)
 .init4         0x000000b0       0x1a c:/program files (x86)/atmel/studio/7.0/toolchain/avr8/avr8-gnu-toolchain/bin/../lib/gcc/avr/5.4.0/avr51\libgcc.a(_copy_data.o)
                0x000000b0                __do_copy_data
 .init4         0x000000ca       0x10 c:/program files (x86)/atmel/studio/7.0/toolchain/avr8/avr8-gnu-toolchain/bin/../lib/gcc/avr/5.4.0/avr51\libgcc.a(_clear_bss.o)
                0x000000ca                __do_clear_bss
 *(.init4)
 *(.init5)
 *(.init5)
 *(.init6)
 *(.init6)
 *(.init7)
 *(.init7)
 *(.init8)
 *(.init8)
 *(.init9)
 .init9         0x000000da        0x6 C:/Program Files (x86)/Atmel/Studio/7.0/Packs/atmel/ATmega_DFP/1.1.130/gcc/dev/at90can128/avr51/crtat90can128.o
 *(.init9)
 *(.text)
 .text          0x000000e0        0x2 C:/Program Files (x86)/Atmel/Studio/7.0/Packs/atmel/ATmega_DFP/1.1.130/gcc/dev/at90can128/avr51/crtat90can128.o
                0x000000e0                __vector_28
                0x000000e0                __vector_1
                0x000000e0                __vector_34
                0x000000e0                __vector_24
                0x000000e0                __bad_interrupt
                0x000000e0                __vector_31
                0x000000e0                __vector_35
                0x000000e0                __vector_3
                0x000000e0                __vector_23
                0x000000e0                __vector_30
                0x000000e0                __vector_25
                0x000000e0                __vector_11
                0x000000e0                __vector_13
                0x000000e0                __vector_19
                0x000000e0                __vector_7
                0x000000e0                __vector_27
                0x000000e0                __vector_5
                0x000000e0                __vector_4
                0x000000e0                __vector_9
                0x000000e0                __vector_2
                0x000000e0                __vector_15
                0x000000e0                __vector_36
                0x000000e0                __vector_29
                0x000000e0                __vector_8
                0x000000e0                __vector_26
                0x000000e0                __vector_14
                0x000000e0                __vector_10
                0x000000e0                __vector_20
                0x000000e2                . = ALIGN (0x2)
 *(.text.*)
 .text.reset_I  0x000000e2       0x12 controller.o
                0x000000e2                reset_I
 .text.controller
                0x000000f4      0x2a0 controller.o
                0x000000f4                controller
 .text.drivers_init
                0x00000394        0x4 controller.o
                0x00000394                drivers_init
 .text.drivers  0x00000398        0xc controller.o
                0x00000398                drivers
 .text.SPI_handler_0
                0x000003a4       0x42 DigiCom.o
                0x000003a4                SPI_handler_0
 .text.SPI_handler_1
                0x000003e6       0x40 DigiCom.o
                0x000003e6                SPI_handler_1
 .text.SPI_handler_2
                0x00000426       0x62 DigiCom.o
                0x00000426                SPI_handler_2
 .text.SPI_handler_4
                0x00000488       0x3e DigiCom.o
                0x00000488                SPI_handler_4
 .text.handle_can
                0x000004c6       0xca DigiCom.o
                0x000004c6                handle_can
 .text.handle_motor_status_can_msg
                0x00000590       0x8e DigiCom.o
                0x00000590                handle_motor_status_can_msg
 .text.receive_uart
                0x0000061e      0x18c DigiCom.o
                0x0000061e                receive_uart
 .text.send_uart
                0x000007aa        0xe DigiCom.o
                0x000007aa                send_uart
 .text.manage_LEDs
                0x000007b8       0x8c DigiCom.o
                0x000007b8                manage_LEDs
 .text.speed_init
                0x00000844       0x16 speed.o
                0x00000844                speed_init
 .text.handle_speed_sensor
                0x0000085a       0x92 speed.o
                0x0000085a                handle_speed_sensor
 .text.state_handler
                0x000008ec      0x210 state_machine.o
                0x000008ec                state_handler
 .text.pwm_init
                0x00000afc       0x9a pwm.o
                0x00000afc                pwm_init
 .text.uart0_putc
                0x00000b96       0x30 usart.o
                0x00000b96                uart0_putc
 .text.uart0_flush
                0x00000bc6        0xe usart.o
                0x00000bc6                uart0_flush
 .text.uart1_putc
                0x00000bd4       0x30 usart.o
                0x00000bd4                uart1_putc
 .text.uart_putchar
                0x00000c04       0x30 usart.o
                0x00000c04                uart_putchar
 .text.uart0_getc
                0x00000c34       0x26 usart.o
                0x00000c34                uart0_getc
 .text.uart0_getlnToFirstWhiteSpace
                0x00000c5a       0x62 usart.o
                0x00000c5a                uart0_getlnToFirstWhiteSpace
 .text.uart0_getint
                0x00000cbc       0x36 usart.o
                0x00000cbc                uart0_getint
 .text.uart0_getData
                0x00000cf2       0x2a usart.o
                0x00000cf2                uart0_getData
 .text.uart1_getData
                0x00000d1c       0x2a usart.o
                0x00000d1c                uart1_getData
 .text.uart_getchar
                0x00000d46       0x34 usart.o
                0x00000d46                uart_getchar
 .text.__vector_22
                0x00000d7a       0x3c usart.o
                0x00000d7a                __vector_22
 .text.__vector_21
                0x00000db6       0x36 usart.o
                0x00000db6                __vector_21
 .text.__vector_33
                0x00000dec       0x3c usart.o
                0x00000dec                __vector_33
 .text.__vector_32
                0x00000e28       0x36 usart.o
                0x00000e28                __vector_32
 .text.timer1_init_ts
                0x00000e5e       0x30 main.o
                0x00000e5e                timer1_init_ts
 .text.timer0_init_ts
                0x00000e8e       0x1e main.o
                0x00000e8e                timer0_init_ts
 .text.main     0x00000eac       0xa2 main.o
                0x00000eac                main
 .text.__vector_16
                0x00000f4e      0x122 main.o
                0x00000f4e                __vector_16
 .text.__vector_12
                0x00001070       0xb4 main.o
                0x00001070                __vector_12
 .text.__vector_6
                0x00001124       0x2e main.o
                0x00001124                __vector_6
 .text.handle_current_sensor
                0x00001152       0xf8 sensors.o
                0x00001152                handle_current_sensor
 .text.handle_temp_sensor
                0x0000124a      0x104 sensors.o
                0x0000124a                handle_temp_sensor
 .text.handle_joulemeter
                0x0000134e       0x6e sensors.o
                0x0000134e                handle_joulemeter
 .text.Set_ADC_Channel_ext
                0x000013bc       0x6c UniversalModuleDrivers/adc.o
                0x000013bc                Set_ADC_Channel_ext
 .text.__vector_18
                0x00001428      0x1e2 UniversalModuleDrivers/can.o
                0x00001428                __vector_18
 .text.can_init
                0x0000160a       0xaa UniversalModuleDrivers/can.o
                0x0000160a                can_init
 .text.can_read_message_if_new
                0x000016b4       0x86 UniversalModuleDrivers/can.o
                0x000016b4                can_read_message_if_new
 .text.can_send_message
                0x0000173a       0xfc UniversalModuleDrivers/can.o
                0x0000173a                can_send_message
 .text.rgbled_turn_off
                0x00001836        0x8 UniversalModuleDrivers/rgbled.o
                0x00001836                rgbled_turn_off
 .text.rgbled_init
                0x0000183e        0xc UniversalModuleDrivers/rgbled.o
                0x0000183e                rgbled_init
 .text.rgbled_turn_on
                0x0000184a        0xa UniversalModuleDrivers/rgbled.o
                0x0000184a                rgbled_turn_on
 .text.rgbled_toggle
                0x00001854        0x8 UniversalModuleDrivers/rgbled.o
                0x00001854                rgbled_toggle
 .text.spi_init
                0x0000185c       0x22 UniversalModuleDrivers/spi.o
                0x0000185c                spi_init
 .text.spi_trancieve
                0x0000187e       0x48 UniversalModuleDrivers/spi.o
                0x0000187e                spi_trancieve
 .text.__vector_17
                0x000018c6       0x78 UniversalModuleDrivers/timer.o
                0x000018c6                __vector_17
 .text.avr-libc.fplib
                0x0000193e        0xa c:/program files (x86)/atmel/studio/7.0/toolchain/avr8/avr8-gnu-toolchain/bin/../lib/gcc/avr/5.4.0/../../../../avr/lib/avr51\libm.a(addsf3.o)
                0x0000193e                __subsf3
                0x00001940                __addsf3
 .text.avr-libc.fplib
                0x00001948       0xc0 c:/program files (x86)/atmel/studio/7.0/toolchain/avr8/avr8-gnu-toolchain/bin/../lib/gcc/avr/5.4.0/../../../../avr/lib/avr51\libm.a(addsf3x.o)
                0x00001962                __addsf3x
 .text.avr-libc.fplib
                0x00001a08        0x8 c:/program files (x86)/atmel/studio/7.0/toolchain/avr8/avr8-gnu-toolchain/bin/../lib/gcc/avr/5.4.0/../../../../avr/lib/avr51\libm.a(cmpsf2.o)
                0x00001a08                __nesf2
                0x00001a08                __eqsf2
                0x00001a08                __cmpsf2
                0x00001a08                __ltsf2
                0x00001a08                __lesf2
 .text.avr-libc.fplib
                0x00001a10        0x4 c:/program files (x86)/atmel/studio/7.0/toolchain/avr8/avr8-gnu-toolchain/bin/../lib/gcc/avr/5.4.0/../../../../avr/lib/avr51\libm.a(divsf3.o)
                0x00001a10                __divsf3
 .text.avr-libc.fplib
                0x00001a14       0xcc c:/program files (x86)/atmel/studio/7.0/toolchain/avr8/avr8-gnu-toolchain/bin/../lib/gcc/avr/5.4.0/../../../../avr/lib/avr51\libm.a(divsf3x.o)
                0x00001a2a                __divsf3x
                0x00001a2e                __divsf3_pse
 .text.avr-libc.fplib
                0x00001ae0        0xa c:/program files (x86)/atmel/studio/7.0/toolchain/avr8/avr8-gnu-toolchain/bin/../lib/gcc/avr/5.4.0/../../../../avr/lib/avr51\libm.a(fixsfsi.o)
                0x00001ae0                __fixsfsi
 .text.avr-libc.fplib
                0x00001aea       0x58 c:/program files (x86)/atmel/studio/7.0/toolchain/avr8/avr8-gnu-toolchain/bin/../lib/gcc/avr/5.4.0/../../../../avr/lib/avr51\libm.a(fixunssfsi.o)
                0x00001aea                __fixunssfsi
 .text.avr-libc.fplib
                0x00001b42       0x7a c:/program files (x86)/atmel/studio/7.0/toolchain/avr8/avr8-gnu-toolchain/bin/../lib/gcc/avr/5.4.0/../../../../avr/lib/avr51\libm.a(floatsisf.o)
                0x00001b42                __floatunsisf
                0x00001b46                __floatsisf
 .text.avr-libc.fplib
                0x00001bbc       0x48 c:/program files (x86)/atmel/studio/7.0/toolchain/avr8/avr8-gnu-toolchain/bin/../lib/gcc/avr/5.4.0/../../../../avr/lib/avr51\libm.a(fp_cmp.o)
                0x00001bbc                __fp_cmp
 .text.avr-libc.fplib
                0x00001c04        0xc c:/program files (x86)/atmel/studio/7.0/toolchain/avr8/avr8-gnu-toolchain/bin/../lib/gcc/avr/5.4.0/../../../../avr/lib/avr51\libm.a(fp_inf.o)
                0x00001c04                __fp_inf
 .text.avr-libc.fplib
                0x00001c10        0x6 c:/program files (x86)/atmel/studio/7.0/toolchain/avr8/avr8-gnu-toolchain/bin/../lib/gcc/avr/5.4.0/../../../../avr/lib/avr51\libm.a(fp_nan.o)
                0x00001c10                __fp_nan
 .text.avr-libc.fplib
                0x00001c16        0xe c:/program files (x86)/atmel/studio/7.0/toolchain/avr8/avr8-gnu-toolchain/bin/../lib/gcc/avr/5.4.0/../../../../avr/lib/avr51\libm.a(fp_pscA.o)
                0x00001c16                __fp_pscA
 .text.avr-libc.fplib
                0x00001c24        0xe c:/program files (x86)/atmel/studio/7.0/toolchain/avr8/avr8-gnu-toolchain/bin/../lib/gcc/avr/5.4.0/../../../../avr/lib/avr51\libm.a(fp_pscB.o)
                0x00001c24                __fp_pscB
 .text.avr-libc.fplib
                0x00001c32       0x22 c:/program files (x86)/atmel/studio/7.0/toolchain/avr8/avr8-gnu-toolchain/bin/../lib/gcc/avr/5.4.0/../../../../avr/lib/avr51\libm.a(fp_round.o)
                0x00001c32                __fp_round
 .text.avr-libc.fplib
                0x00001c54       0x44 c:/program files (x86)/atmel/studio/7.0/toolchain/avr8/avr8-gnu-toolchain/bin/../lib/gcc/avr/5.4.0/../../../../avr/lib/avr51\libm.a(fp_split3.o)
                0x00001c54                __fp_split3
                0x00001c64                __fp_splitA
 .text.avr-libc.fplib
                0x00001c98        0xe c:/program files (x86)/atmel/studio/7.0/toolchain/avr8/avr8-gnu-toolchain/bin/../lib/gcc/avr/5.4.0/../../../../avr/lib/avr51\libm.a(fp_zero.o)
                0x00001c98                __fp_zero
                0x00001c9a                __fp_szero
 .text.avr-libc.fplib
                0x00001ca6        0x8 c:/program files (x86)/atmel/studio/7.0/toolchain/avr8/avr8-gnu-toolchain/bin/../lib/gcc/avr/5.4.0/../../../../avr/lib/avr51\libm.a(gesf2.o)
                0x00001ca6                __gesf2
                0x00001ca6                __gtsf2
 .text.avr-libc.fplib
                0x00001cae        0x4 c:/program files (x86)/atmel/studio/7.0/toolchain/avr8/avr8-gnu-toolchain/bin/../lib/gcc/avr/5.4.0/../../../../avr/lib/avr51\libm.a(mulsf3.o)
                0x00001cae                __mulsf3
 .text.avr-libc.fplib
                0x00001cb2       0xc2 c:/program files (x86)/atmel/studio/7.0/toolchain/avr8/avr8-gnu-toolchain/bin/../lib/gcc/avr/5.4.0/../../../../avr/lib/avr51\libm.a(mulsf3x.o)
                0x00001cc6                __mulsf3x
                0x00001cca                __mulsf3_pse
 .text.libgcc   0x00001d74       0x12 c:/program files (x86)/atmel/studio/7.0/toolchain/avr8/avr8-gnu-toolchain/bin/../lib/gcc/avr/5.4.0/avr51\libgcc.a(_tablejump2.o)
                0x00001d74                __tablejump2__
 .text.avr-libc
                0x00001d86       0x3a c:/program files (x86)/atmel/studio/7.0/toolchain/avr8/avr8-gnu-toolchain/bin/../lib/gcc/avr/5.4.0/../../../../avr/lib/avr51\libc.a(atoi.o)
                0x00001d86                atoi
 .text.avr-libc
                0x00001dc0       0x10 c:/program files (x86)/atmel/studio/7.0/toolchain/avr8/avr8-gnu-toolchain/bin/../lib/gcc/avr/5.4.0/../../../../avr/lib/avr51\libc.a(mul10.o)
                0x00001dc0                __mulhi_const_10
 .text.avr-libc
                0x00001dd0       0x60 c:/program files (x86)/atmel/studio/7.0/toolchain/avr8/avr8-gnu-toolchain/bin/../lib/gcc/avr/5.4.0/../../../../avr/lib/avr51\libc.a(puts.o)
                0x00001dd0                puts
                0x00001e30                . = ALIGN (0x2)
 *(.fini9)
 .fini9         0x00001e30        0x0 c:/program files (x86)/atmel/studio/7.0/toolchain/avr8/avr8-gnu-toolchain/bin/../lib/gcc/avr/5.4.0/avr51\libgcc.a(_exit.o)
                0x00001e30                _exit
                0x00001e30                exit
 *(.fini9)
 *(.fini8)
 *(.fini8)
 *(.fini7)
 *(.fini7)
 *(.fini6)
 *(.fini6)
 *(.fini5)
 *(.fini5)
 *(.fini4)
 *(.fini4)
 *(.fini3)
 *(.fini3)
 *(.fini2)
 *(.fini2)
 *(.fini1)
 *(.fini1)
 *(.fini0)
 .fini0         0x00001e30        0x4 c:/program files (x86)/atmel/studio/7.0/toolchain/avr8/avr8-gnu-toolchain/bin/../lib/gcc/avr/5.4.0/avr51\libgcc.a(_exit.o)
 *(.fini0)
                0x00001e34                _etext = .

.data           0x00800100      0x2e8 load address 0x00001e34
                0x00800100                PROVIDE (__data_start, .)
 *(.data)
 *(.data*)
 .data.f32_DutyCycleCmd
                0x00800100        0x4 controller.o
 .data.uart0_io
                0x00800104        0xe usart.o
                0x00800104                uart0_io
 .data.ComValues
                0x00800112       0x1d main.o
                0x00800112                ComValues
 *(.rodata)
 *(.rodata*)
 .rodata.str1.1
                0x0080012f      0x2b8 DigiCom.o
 *(.gnu.linkonce.d*)
                0x008003e8                . = ALIGN (0x2)
 *fill*         0x008003e7        0x1 
                0x008003e8                _edata = .
                0x008003e8                PROVIDE (__data_end, .)

.bss            0x008003e8      0x24a
                0x008003e8                PROVIDE (__bss_start, .)
 *(.bss)
 *(.bss*)
 .bss.b_saturation
                0x008003e8        0x1 controller.o
 .bss.f32_CurrentDelta
                0x008003e9        0x4 controller.o
                0x008003e9                f32_CurrentDelta
 .bss.f32_Integrator
                0x008003ed        0x4 controller.o
 .bss.u8_uart_welcome
                0x008003f1        0x1 DigiCom.o
                0x008003f1                u8_uart_welcome
 .bss.u8_rxBuffer
                0x008003f2        0x3 DigiCom.o
 .bss.u8_txBuffer
                0x008003f5        0x2 DigiCom.o
 .bss.b_major_fault
                0x008003f7        0x1 state_machine.o
 .bss.u16_speed_count
                0x008003f8        0x2 main.o
 .bss.u8_SPI_count
                0x008003fa        0x1 main.o
 .bss.b_send_uart
                0x008003fb        0x1 main.o
                0x008003fb                b_send_uart
 .bss.b_send_can
                0x008003fc        0x1 main.o
 .bss.systic_counter_slow
                0x008003fd        0x2 main.o
 .bss.systic_counter_fast
                0x008003ff        0x1 main.o
 .bss.reset     0x00800400        0x1 UniversalModuleDrivers/can.o
 .bss.rx_on     0x00800401        0x1 UniversalModuleDrivers/can.o
 .bss.rx_off    0x00800402        0x1 UniversalModuleDrivers/can.o
 .bss.tx_busy   0x00800403        0x1 UniversalModuleDrivers/can.o
 .bss.tx_on     0x00800404        0x1 UniversalModuleDrivers/can.o
 .bss.tx_off    0x00800405        0x1 UniversalModuleDrivers/can.o
 .bss.rx_frames
                0x00800406       0xb0 UniversalModuleDrivers/can.o
 .bss.tx_frames
                0x008004b6       0xb0 UniversalModuleDrivers/can.o
 .bss.elapsed_microseconds
                0x00800566       0x20 UniversalModuleDrivers/timer.o
 .bss.timer_enabled
                0x00800586        0x8 UniversalModuleDrivers/timer.o
 *(COMMON)
 COMMON         0x0080058e       0x16 DigiCom.o
                0x0080058e                rxFrame
                0x00800599                txFrame
 COMMON         0x008005a4       0x88 usart.o
                0x008005a4                rx0_buffer
                0x008005c4                rx1_Tail
                0x008005c5                tx0_Tail
                0x008005c6                rx0_Tail
                0x008005c7                tx1_buffer
                0x008005e7                tx0_Head
                0x008005e8                rx1_buffer
                0x00800608                rx0_Head
                0x00800609                tx1_Tail
                0x0080060a                rx1_Head
                0x0080060b                tx1_Head
                0x0080060c                tx0_buffer
 COMMON         0x0080062c        0x6 c:/program files (x86)/atmel/studio/7.0/toolchain/avr8/avr8-gnu-toolchain/bin/../lib/gcc/avr/5.4.0/../../../../avr/lib/avr51\libc.a(iob.o)
                0x0080062c                __iob
                0x00800632                PROVIDE (__bss_end, .)
                0x00001e34                __data_load_start = LOADADDR (.data)
                0x0000211c                __data_load_end = (__data_load_start + SIZEOF (.data))

.noinit         0x00800632        0x0
                [!provide]                PROVIDE (__noinit_start, .)
 *(.noinit*)
                [!provide]                PROVIDE (__noinit_end, .)
                0x00800632                _end = .
                0x00800632                PROVIDE (__heap_start, .)

.eeprom         0x00810000        0x0
 *(.eeprom*)
                0x00810000                __eeprom_end = .

.fuse
 *(.fuse)
 *(.lfuse)
 *(.hfuse)
 *(.efuse)

.lock
 *(.lock*)

.signature
 *(.signature*)

.user_signatures
 *(.user_signatures*)

.stab
 *(.stab)

.stabstr
 *(.stabstr)

.stab.excl
 *(.stab.excl)

.stab.exclstr
 *(.stab.exclstr)

.stab.index
 *(.stab.index)

.stab.indexstr
 *(.stab.indexstr)

.comment        0x00000000       0x30
 *(.comment)
 .comment       0x00000000       0x30 controller.o
                                 0x31 (size before relaxing)
 .comment       0x00000030       0x31 DigiCom.o
 .comment       0x00000030       0x31 speed.o
 .comment       0x00000030       0x31 state_machine.o
 .comment       0x00000030       0x31 pwm.o
 .comment       0x00000030       0x31 usart.o
 .comment       0x00000030       0x31 main.o
 .comment       0x00000030       0x31 sensors.o
 .comment       0x00000030       0x31 UniversalModuleDrivers/adc.o
 .comment       0x00000030       0x31 UniversalModuleDrivers/can.o
 .comment       0x00000030       0x31 UniversalModuleDrivers/rgbled.o
 .comment       0x00000030       0x31 UniversalModuleDrivers/spi.o
 .comment       0x00000030       0x31 UniversalModuleDrivers/timer.o
 .comment       0x00000030       0x31 c:/program files (x86)/atmel/studio/7.0/toolchain/avr8/avr8-gnu-toolchain/bin/../lib/gcc/avr/5.4.0/../../../../avr/lib/avr51\libc.a(iob.o)
 .comment       0x00000030       0x31 c:/program files (x86)/atmel/studio/7.0/toolchain/avr8/avr8-gnu-toolchain/bin/../lib/gcc/avr/5.4.0/../../../../avr/lib/avr51\libc.a(puts.o)

.note.gnu.avr.deviceinfo
                0x00000000       0x40
 .note.gnu.avr.deviceinfo
                0x00000000       0x40 C:/Program Files (x86)/Atmel/Studio/7.0/Packs/atmel/ATmega_DFP/1.1.130/gcc/dev/at90can128/avr51/crtat90can128.o

.note.gnu.build-id
 *(.note.gnu.build-id)

.debug
 *(.debug)

.line
 *(.line)

.debug_srcinfo
 *(.debug_srcinfo)

.debug_sfnames
 *(.debug_sfnames)

.debug_aranges  0x00000000      0x4a8
 *(.debug_aranges)
 .debug_aranges
                0x00000000       0x38 controller.o
 .debug_aranges
                0x00000038       0x60 DigiCom.o
 .debug_aranges
                0x00000098       0x28 speed.o
 .debug_aranges
                0x000000c0       0x20 state_machine.o
 .debug_aranges
                0x000000e0       0x20 pwm.o
 .debug_aranges
                0x00000100      0x208 usart.o
 .debug_aranges
                0x00000308       0x48 main.o
 .debug_aranges
                0x00000350       0x30 sensors.o
 .debug_aranges
                0x00000380       0x48 UniversalModuleDrivers/adc.o
 .debug_aranges
                0x000003c8       0x38 UniversalModuleDrivers/can.o
 .debug_aranges
                0x00000400       0x38 UniversalModuleDrivers/rgbled.o
 .debug_aranges
                0x00000438       0x30 UniversalModuleDrivers/spi.o
 .debug_aranges
                0x00000468       0x40 UniversalModuleDrivers/timer.o

.debug_pubnames
 *(.debug_pubnames)

.debug_info     0x00000000     0x56b8
 *(.debug_info .gnu.linkonce.wi.*)
 .debug_info    0x00000000      0xa2d C:/Program Files (x86)/Atmel/Studio/7.0/Packs/atmel/ATmega_DFP/1.1.130/gcc/dev/at90can128/avr51/crtat90can128.o
 .debug_info    0x00000a2d      0x1f1 controller.o
 .debug_info    0x00000c1e      0xcd7 DigiCom.o
 .debug_info    0x000018f5       0xf4 speed.o
 .debug_info    0x000019e9      0x382 state_machine.o
 .debug_info    0x00001d6b       0xa7 pwm.o
 .debug_info    0x00001e12     0x2004 usart.o
 .debug_info    0x00003e16      0xa13 main.o
 .debug_info    0x00004829      0x180 sensors.o
 .debug_info    0x000049a9      0x22b UniversalModuleDrivers/adc.o
 .debug_info    0x00004bd4      0x5b0 UniversalModuleDrivers/can.o
 .debug_info    0x00005184      0x141 UniversalModuleDrivers/rgbled.o
 .debug_info    0x000052c5      0x213 UniversalModuleDrivers/spi.o
 .debug_info    0x000054d8      0x1e0 UniversalModuleDrivers/timer.o

.debug_abbrev   0x00000000     0x1a51
 *(.debug_abbrev)
 .debug_abbrev  0x00000000      0x9a0 C:/Program Files (x86)/Atmel/Studio/7.0/Packs/atmel/ATmega_DFP/1.1.130/gcc/dev/at90can128/avr51/crtat90can128.o
 .debug_abbrev  0x000009a0      0x11b controller.o
 .debug_abbrev  0x00000abb      0x217 DigiCom.o
 .debug_abbrev  0x00000cd2       0x97 speed.o
 .debug_abbrev  0x00000d69       0xfc state_machine.o
 .debug_abbrev  0x00000e65       0x69 pwm.o
 .debug_abbrev  0x00000ece      0x31a usart.o
 .debug_abbrev  0x000011e8      0x24c main.o
 .debug_abbrev  0x00001434       0x99 sensors.o
 .debug_abbrev  0x000014cd       0xc6 UniversalModuleDrivers/adc.o
 .debug_abbrev  0x00001593      0x1ea UniversalModuleDrivers/can.o
 .debug_abbrev  0x0000177d       0xc1 UniversalModuleDrivers/rgbled.o
 .debug_abbrev  0x0000183e      0x105 UniversalModuleDrivers/spi.o
 .debug_abbrev  0x00001943      0x10e UniversalModuleDrivers/timer.o

.debug_line     0x00000000     0x291a
 *(.debug_line .debug_line.* .debug_line_end)
 .debug_line    0x00000000      0x175 C:/Program Files (x86)/Atmel/Studio/7.0/Packs/atmel/ATmega_DFP/1.1.130/gcc/dev/at90can128/avr51/crtat90can128.o
 .debug_line    0x00000175      0x1a1 controller.o
 .debug_line    0x00000316      0x4b9 DigiCom.o
 .debug_line    0x000007cf       0xe8 speed.o
 .debug_line    0x000008b7      0x248 state_machine.o
 .debug_line    0x00000aff      0x118 pwm.o
 .debug_line    0x00000c17      0xe2d usart.o
 .debug_line    0x00001a44      0x33b main.o
 .debug_line    0x00001d7f      0x12a sensors.o
 .debug_line    0x00001ea9      0x21c UniversalModuleDrivers/adc.o
 .debug_line    0x000020c5      0x3d1 UniversalModuleDrivers/can.o
 .debug_line    0x00002496      0x10c UniversalModuleDrivers/rgbled.o
 .debug_line    0x000025a2      0x230 UniversalModuleDrivers/spi.o
 .debug_line    0x000027d2      0x148 UniversalModuleDrivers/timer.o

.debug_frame    0x00000000      0xe60
 *(.debug_frame)
 .debug_frame   0x00000000       0xa4 controller.o
 .debug_frame   0x000000a4      0x150 DigiCom.o
 .debug_frame   0x000001f4       0x78 speed.o
 .debug_frame   0x0000026c       0x60 state_machine.o
 .debug_frame   0x000002cc       0x30 pwm.o
 .debug_frame   0x000002fc      0x6d0 usart.o
 .debug_frame   0x000009cc      0x134 main.o
 .debug_frame   0x00000b00       0xd4 sensors.o
 .debug_frame   0x00000bd4       0x74 UniversalModuleDrivers/adc.o
 .debug_frame   0x00000c48       0xcc UniversalModuleDrivers/can.o
 .debug_frame   0x00000d14       0x54 UniversalModuleDrivers/rgbled.o
 .debug_frame   0x00000d68       0x50 UniversalModuleDrivers/spi.o
 .debug_frame   0x00000db8       0xa8 UniversalModuleDrivers/timer.o

.debug_str      0x00000000     0x1610
 *(.debug_str)
 .debug_str     0x00000000      0x39f C:/Program Files (x86)/Atmel/Studio/7.0/Packs/atmel/ATmega_DFP/1.1.130/gcc/dev/at90can128/avr51/crtat90can128.o
 .debug_str     0x0000039f      0x215 controller.o
                                0x254 (size before relaxing)
 .debug_str     0x000005b4      0x415 DigiCom.o
                                0x5d7 (size before relaxing)
 .debug_str     0x000009c9       0x59 speed.o
                                0x1c0 (size before relaxing)
 .debug_str     0x00000a22       0x41 state_machine.o
                                0x336 (size before relaxing)
 .debug_str     0x00000a63       0x29 pwm.o
                                0x1a1 (size before relaxing)
 .debug_str     0x00000a8c      0x523 usart.o
                                0x73f (size before relaxing)
 .debug_str     0x00000faf      0x128 main.o
                                0x5b7 (size before relaxing)
 .debug_str     0x000010d7       0x86 sensors.o
                                0x239 (size before relaxing)
 .debug_str     0x0000115d      0x1c0 UniversalModuleDrivers/adc.o
                                0x342 (size before relaxing)
 .debug_str     0x0000131d       0xe7 UniversalModuleDrivers/can.o
                                0x307 (size before relaxing)
 .debug_str     0x00001404       0x8b UniversalModuleDrivers/rgbled.o
                                0x20a (size before relaxing)
 .debug_str     0x0000148f       0xb7 UniversalModuleDrivers/spi.o
                                0x281 (size before relaxing)
 .debug_str     0x00001546       0xca UniversalModuleDrivers/timer.o
                                0x262 (size before relaxing)

.debug_loc      0x00000000     0x3cd4
 *(.debug_loc)
 .debug_loc     0x00000000      0x1dc controller.o
 .debug_loc     0x000001dc      0x442 DigiCom.o
 .debug_loc     0x0000061e      0x16e speed.o
 .debug_loc     0x0000078c      0x15b state_machine.o
 .debug_loc     0x000008e7       0x2f pwm.o
 .debug_loc     0x00000916     0x2443 usart.o
 .debug_loc     0x00002d59      0x263 main.o
 .debug_loc     0x00002fbc      0x365 sensors.o
 .debug_loc     0x00003321      0x14f UniversalModuleDrivers/adc.o
 .debug_loc     0x00003470      0x4a7 UniversalModuleDrivers/can.o
 .debug_loc     0x00003917       0x63 UniversalModuleDrivers/rgbled.o
 .debug_loc     0x0000397a      0x22d UniversalModuleDrivers/spi.o
 .debug_loc     0x00003ba7      0x12d UniversalModuleDrivers/timer.o

.debug_macinfo
 *(.debug_macinfo)

.debug_weaknames
 *(.debug_weaknames)

.debug_funcnames
 *(.debug_funcnames)

.debug_typenames
 *(.debug_typenames)

.debug_varnames
 *(.debug_varnames)

.debug_pubtypes
 *(.debug_pubtypes)

.debug_ranges   0x00000000      0x3d8
 *(.debug_ranges)
 .debug_ranges  0x00000000       0x28 controller.o
 .debug_ranges  0x00000028       0x50 DigiCom.o
 .debug_ranges  0x00000078       0x18 speed.o
 .debug_ranges  0x00000090       0x10 state_machine.o
 .debug_ranges  0x000000a0       0x10 pwm.o
 .debug_ranges  0x000000b0      0x1f8 usart.o
 .debug_ranges  0x000002a8       0x38 main.o
 .debug_ranges  0x000002e0       0x20 sensors.o
 .debug_ranges  0x00000300       0x38 UniversalModuleDrivers/adc.o
 .debug_ranges  0x00000338       0x28 UniversalModuleDrivers/can.o
 .debug_ranges  0x00000360       0x28 UniversalModuleDrivers/rgbled.o
 .debug_ranges  0x00000388       0x20 UniversalModuleDrivers/spi.o
 .debug_ranges  0x000003a8       0x30 UniversalModuleDrivers/timer.o

.debug_macro
 *(.debug_macro)
OUTPUT(MotorController_2018.elf elf32-avr)
LOAD linker stubs
