Archive member included to satisfy reference by file (symbol)

c:/program files (x86)/atmel/studio/7.0/toolchain/avr8/avr8-gnu-toolchain/bin/../lib/gcc/avr/5.4.0/../../../../avr/lib/avr51\libm.a(addsf3.o)
                              controller.o (__subsf3)
c:/program files (x86)/atmel/studio/7.0/toolchain/avr8/avr8-gnu-toolchain/bin/../lib/gcc/avr/5.4.0/../../../../avr/lib/avr51\libm.a(addsf3x.o)
                              c:/program files (x86)/atmel/studio/7.0/toolchain/avr8/avr8-gnu-toolchain/bin/../lib/gcc/avr/5.4.0/../../../../avr/lib/avr51\libm.a(addsf3.o) (__addsf3x)
c:/program files (x86)/atmel/studio/7.0/toolchain/avr8/avr8-gnu-toolchain/bin/../lib/gcc/avr/5.4.0/../../../../avr/lib/avr51\libm.a(cmpsf2.o)
                              controller.o (__ltsf2)
c:/program files (x86)/atmel/studio/7.0/toolchain/avr8/avr8-gnu-toolchain/bin/../lib/gcc/avr/5.4.0/../../../../avr/lib/avr51\libm.a(divsf3.o)
                              controller.o (__divsf3)
c:/program files (x86)/atmel/studio/7.0/toolchain/avr8/avr8-gnu-toolchain/bin/../lib/gcc/avr/5.4.0/../../../../avr/lib/avr51\libm.a(divsf3x.o)
                              c:/program files (x86)/atmel/studio/7.0/toolchain/avr8/avr8-gnu-toolchain/bin/../lib/gcc/avr/5.4.0/../../../../avr/lib/avr51\libm.a(divsf3.o) (__divsf3x)
c:/program files (x86)/atmel/studio/7.0/toolchain/avr8/avr8-gnu-toolchain/bin/../lib/gcc/avr/5.4.0/../../../../avr/lib/avr51\libm.a(fixsfsi.o)
                              controller.o (__fixsfsi)
c:/program files (x86)/atmel/studio/7.0/toolchain/avr8/avr8-gnu-toolchain/bin/../lib/gcc/avr/5.4.0/../../../../avr/lib/avr51\libm.a(fixunssfsi.o)
                              controller.o (__fixunssfsi)
c:/program files (x86)/atmel/studio/7.0/toolchain/avr8/avr8-gnu-toolchain/bin/../lib/gcc/avr/5.4.0/../../../../avr/lib/avr51\libm.a(floatsisf.o)
                              controller.o (__floatunsisf)
c:/program files (x86)/atmel/studio/7.0/toolchain/avr8/avr8-gnu-toolchain/bin/../lib/gcc/avr/5.4.0/../../../../avr/lib/avr51\libm.a(fp_cmp.o)
                              c:/program files (x86)/atmel/studio/7.0/toolchain/avr8/avr8-gnu-toolchain/bin/../lib/gcc/avr/5.4.0/../../../../avr/lib/avr51\libm.a(cmpsf2.o) (__fp_cmp)
c:/program files (x86)/atmel/studio/7.0/toolchain/avr8/avr8-gnu-toolchain/bin/../lib/gcc/avr/5.4.0/../../../../avr/lib/avr51\libm.a(fp_inf.o)
                              c:/program files (x86)/atmel/studio/7.0/toolchain/avr8/avr8-gnu-toolchain/bin/../lib/gcc/avr/5.4.0/../../../../avr/lib/avr51\libm.a(addsf3x.o) (__fp_inf)
c:/program files (x86)/atmel/studio/7.0/toolchain/avr8/avr8-gnu-toolchain/bin/../lib/gcc/avr/5.4.0/../../../../avr/lib/avr51\libm.a(fp_nan.o)
                              c:/program files (x86)/atmel/studio/7.0/toolchain/avr8/avr8-gnu-toolchain/bin/../lib/gcc/avr/5.4.0/../../../../avr/lib/avr51\libm.a(addsf3x.o) (__fp_nan)
c:/program files (x86)/atmel/studio/7.0/toolchain/avr8/avr8-gnu-toolchain/bin/../lib/gcc/avr/5.4.0/../../../../avr/lib/avr51\libm.a(fp_pscA.o)
                              c:/program files (x86)/atmel/studio/7.0/toolchain/avr8/avr8-gnu-toolchain/bin/../lib/gcc/avr/5.4.0/../../../../avr/lib/avr51\libm.a(addsf3x.o) (__fp_pscA)
c:/program files (x86)/atmel/studio/7.0/toolchain/avr8/avr8-gnu-toolchain/bin/../lib/gcc/avr/5.4.0/../../../../avr/lib/avr51\libm.a(fp_pscB.o)
                              c:/program files (x86)/atmel/studio/7.0/toolchain/avr8/avr8-gnu-toolchain/bin/../lib/gcc/avr/5.4.0/../../../../avr/lib/avr51\libm.a(addsf3x.o) (__fp_pscB)
c:/program files (x86)/atmel/studio/7.0/toolchain/avr8/avr8-gnu-toolchain/bin/../lib/gcc/avr/5.4.0/../../../../avr/lib/avr51\libm.a(fp_round.o)
                              c:/program files (x86)/atmel/studio/7.0/toolchain/avr8/avr8-gnu-toolchain/bin/../lib/gcc/avr/5.4.0/../../../../avr/lib/avr51\libm.a(addsf3.o) (__fp_round)
c:/program files (x86)/atmel/studio/7.0/toolchain/avr8/avr8-gnu-toolchain/bin/../lib/gcc/avr/5.4.0/../../../../avr/lib/avr51\libm.a(fp_split3.o)
                              c:/program files (x86)/atmel/studio/7.0/toolchain/avr8/avr8-gnu-toolchain/bin/../lib/gcc/avr/5.4.0/../../../../avr/lib/avr51\libm.a(addsf3x.o) (__fp_split3)
c:/program files (x86)/atmel/studio/7.0/toolchain/avr8/avr8-gnu-toolchain/bin/../lib/gcc/avr/5.4.0/../../../../avr/lib/avr51\libm.a(fp_zero.o)
                              c:/program files (x86)/atmel/studio/7.0/toolchain/avr8/avr8-gnu-toolchain/bin/../lib/gcc/avr/5.4.0/../../../../avr/lib/avr51\libm.a(addsf3x.o) (__fp_zero)
c:/program files (x86)/atmel/studio/7.0/toolchain/avr8/avr8-gnu-toolchain/bin/../lib/gcc/avr/5.4.0/../../../../avr/lib/avr51\libm.a(gesf2.o)
                              controller.o (__gesf2)
c:/program files (x86)/atmel/studio/7.0/toolchain/avr8/avr8-gnu-toolchain/bin/../lib/gcc/avr/5.4.0/../../../../avr/lib/avr51\libm.a(mulsf3.o)
                              controller.o (__mulsf3)
[...]
Memory Configuration

Name             Origin             Length             Attributes
text             0x00000000         0x00020000         xr
data             0x00800100         0x0000ff00         rw !x
eeprom           0x00810000         0x00010000         rw !x
fuse             0x00820000         0x00000003         rw !x
lock             0x00830000         0x00000400         rw !x
signature        0x00840000         0x00000400         rw !x
user_signatures  0x00850000         0x00000400         rw !x
*default*        0x00000000         0xffffffff

Linker script and memory map

Address of section .data set to 0x800100
LOAD C:/Program Files (x86)/Atmel/Studio/7.0/Packs/atmel/ATmega_DFP/1.1.130/gcc/dev/at90can128/avr51/crtat90can128.o
LOAD controller.o
LOAD DigiCom.o
LOAD speed.o
LOAD state_machine.o
LOAD pwm.o
LOAD usart.o
LOAD main.o
LOAD pid.o
LOAD sensors.o
LOAD UniversalModuleDrivers/adc.o
LOAD UniversalModuleDrivers/can.o
LOAD UniversalModuleDrivers/rgbled.o
LOAD UniversalModuleDrivers/spi.o
LOAD UniversalModuleDrivers/timer.o
LOAD UniversalModuleDrivers/uart.o
LOAD usbdb.o
START GROUP
LOAD c:/program files (x86)/atmel/studio/7.0/toolchain/avr8/avr8-gnu-toolchain/bin/../lib/gcc/avr/5.4.0/../../../../avr/lib/avr51\libm.a
END GROUP
START GROUP
LOAD c:/program files (x86)/atmel/studio/7.0/toolchain/avr8/avr8-gnu-toolchain/bin/../lib/gcc/avr/5.4.0/avr51\libgcc.a
LOAD c:/program files (x86)/atmel/studio/7.0/toolchain/avr8/avr8-gnu-toolchain/bin/../lib/gcc/avr/5.4.0/../../../../avr/lib/avr51\libm.a
LOAD c:/program files (x86)/atmel/studio/7.0/toolchain/avr8/avr8-gnu-toolchain/bin/../lib/gcc/avr/5.4.0/../../../../avr/lib/avr51\libc.a
LOAD C:/Program Files (x86)/Atmel/Studio/7.0/Packs/atmel/ATmega_DFP/1.1.130/gcc/dev/at90can128/avr51\libat90can128.a
END GROUP
                0x00020000                __TEXT_REGION_LENGTH__ = DEFINED (__TEXT_REGION_LENGTH__)?__TEXT_REGION_LENGTH__:0x20000
                0x0000ff00                __DATA_REGION_LENGTH__ = DEFINED (__DATA_REGION_LENGTH__)?__DATA_REGION_LENGTH__:0xff00
                0x00010000                __EEPROM_REGION_LENGTH__ = DEFINED (__EEPROM_REGION_LENGTH__)?__EEPROM_REGION_LENGTH__:0x10000
                [0x00000003]                __FUSE_REGION_LENGTH__ = DEFINED (__FUSE_REGION_LENGTH__)?__FUSE_REGION_LENGTH__:0x400
                0x00000400                __LOCK_REGION_LENGTH__ = DEFINED (__LOCK_REGION_LENGTH__)?__LOCK_REGION_LENGTH__:0x400
                0x00000400                __SIGNATURE_REGION_LENGTH__ = DEFINED (__SIGNATURE_REGION_LENGTH__)?__SIGNATURE_REGION_LENGTH__:0x400
                0x00000400                __USER_SIGNATURE_REGION_LENGTH__ = DEFINED (__USER_SIGNATURE_REGION_LENGTH__)?__USER_SIGNATURE_REGION_LENGTH__:0x400

.hash
 *(.hash)

.dynsym
 *(.dynsym)

.dynstr
 *(.dynstr)

.gnu.version
 *(.gnu.version)

.gnu.version_d
 *(.gnu.version_d)

.gnu.version_r
 *(.gnu.version_r)

.rel.init
 *(.rel.init)

.rela.init
 *(.rela.init)

.rel.text
 *(.rel.text)
 *(.rel.text.*)
 *(.rel.gnu.linkonce.t*)

.rela.text
 *(.rela.text)
 *(.rela.text.*)
 *(.rela.gnu.linkonce.t*)

.rel.fini
 *(.rel.fini)

.rela.fini
 *(.rela.fini)

.rel.rodata
 *(.rel.rodata)
 *(.rel.rodata.*)
 *(.rel.gnu.linkonce.r*)

.rela.rodata
 *(.rela.rodata)
 *(.rela.rodata.*)
 *(.rela.gnu.linkonce.r*)

.rel.data
 *(.rel.data)
 *(.rel.data.*)
 *(.rel.gnu.linkonce.d*)

.rela.data
 *(.rela.data)
 *(.rela.data.*)
 *(.rela.gnu.linkonce.d*)

.rel.ctors
 *(.rel.ctors)

.rela.ctors
 *(.rela.ctors)

.rel.dtors
 *(.rel.dtors)

.rela.dtors
 *(.rela.dtors)

.rel.got
 *(.rel.got)

.rela.got
 *(.rela.got)

.rel.bss
 *(.rel.bss)

.rela.bss
 *(.rela.bss)

.rel.plt
 *(.rel.plt)

.rela.plt
 *(.rela.plt)

.text           0x00000000     0x2574
 *(.vectors)
 .vectors       0x00000000       0x94 C:/Program Files (x86)/Atmel/Studio/7.0/Packs/atmel/ATmega_DFP/1.1.130/gcc/dev/at90can128/avr51/crtat90can128.o
                0x00000000                __vector_default
                0x00000000                __vectors
 *(.vectors)
 *(.progmem.gcc*)
 .progmem.gcc_sw_table.Set_ADC_Channel_ext
                0x00000094       0x10 UniversalModuleDrivers/adc.o
                0x000000a4                . = ALIGN (0x2)
                0x000000a4                __trampolines_start = .
 *(.trampolines)
 .trampolines   0x000000a4        0x0 linker stubs
 *(.trampolines*)
                0x000000a4                __trampolines_end = .
 *libprintf_flt.a:*(.progmem.data)
 *libc.a:*(.progmem.data)
 *(.progmem*)
                0x000000a4                . = ALIGN (0x2)
 *(.jumptables)
 *(.jumptables*)
 *(.lowtext)
 *(.lowtext*)
                0x000000a4                __ctors_start = .
 *(.ctors)
                0x000000a4                __ctors_end = .
                0x000000a4                __dtors_start = .
 *(.dtors)
                0x000000a4                __dtors_end = .
 SORT(*)(.ctors)
 SORT(*)(.dtors)
 *(.init0)
 .init0         0x000000a4        0x0 C:/Program Files (x86)/Atmel/Studio/7.0/Packs/atmel/ATmega_DFP/1.1.130/gcc/dev/at90can128/avr51/crtat90can128.o
                0x000000a4                __init
 *(.init0)
 *(.init1)
 *(.init1)
 *(.init2)
 .init2         0x000000a4        0xc C:/Program Files (x86)/Atmel/Studio/7.0/Packs/atmel/ATmega_DFP/1.1.130/gcc/dev/at90can128/avr51/crtat90can128.o
 *(.init2)
 *(.init3)
 *(.init3)
 *(.init4)
 .init4         0x000000b0       0x1a c:/program files (x86)/atmel/studio/7.0/toolchain/avr8/avr8-gnu-toolchain/bin/../lib/gcc/avr/5.4.0/avr51\libgcc.a(_copy_data.o)
                0x000000b0                __do_copy_data
 .init4         0x000000ca       0x10 c:/program files (x86)/atmel/studio/7.0/toolchain/avr8/avr8-gnu-toolchain/bin/../lib/gcc/avr/5.4.0/avr51\libgcc.a(_clear_bss.o)
                0x000000ca                __do_clear_bss
 *(.init4)
 *(.init5)
 *(.init5)
 *(.init6)
 *(.init6)
 *(.init7)
 *(.init7)
 *(.init8)
 *(.init8)
 *(.init9)
 .init9         0x000000da        0x6 C:/Program Files (x86)/Atmel/Studio/7.0/Packs/atmel/ATmega_DFP/1.1.130/gcc/dev/at90can128/avr51/crtat90can128.o
 *(.init9)
 *(.text)
 .text          0x000000e0        0x2 C:/Program Files (x86)/Atmel/Studio/7.0/Packs/atmel/ATmega_DFP/1.1.130/gcc/dev/at90can128/avr51/crtat90can128.o
                0x000000e0                __vector_28
                0x000000e0                __vector_1
                0x000000e0                __vector_34
                0x000000e0                __vector_24
                0x000000e0                __bad_interrupt
                0x000000e0                __vector_31
                0x000000e0                __vector_35
                0x000000e0                __vector_3
                0x000000e0                __vector_23
                0x000000e0                __vector_30
                0x000000e0                __vector_25
                0x000000e0                __vector_11
                0x000000e0                __vector_13
                0x000000e0                __vector_19
                0x000000e0                __vector_7
                0x000000e0                __vector_27
                0x000000e0                __vector_5
                0x000000e0                __vector_4
                0x000000e0                __vector_9
                0x000000e0                __vector_2
                0x000000e0                __vector_15
                0x000000e0                __vector_36
                0x000000e0                __vector_29
                0x000000e0                __vector_8
                0x000000e0                __vector_26
                0x000000e0                __vector_14
                0x000000e0                __vector_10
                0x000000e0                __vector_20
                0x000000e2                . = ALIGN (0x2)
 *(.text.*)
 .text.reset_I  0x000000e2       0x12 controller.o
                0x000000e2                reset_I
 .text.set_I    0x000000f4       0x1e controller.o
                0x000000f4                set_I
 .text.controller
                0x00000112      0x270 controller.o
                0x00000112                controller
 .text.drivers_init
                0x00000382        0x4 controller.o
                0x00000382                drivers_init
 .text.drivers  0x00000386        0xc controller.o
                0x00000386                drivers
 .text.SPI_handler_0
                0x00000392       0x40 DigiCom.o
                0x00000392                SPI_handler_0
 .text.SPI_handler_1
                0x000003d2       0x40 DigiCom.o
                0x000003d2                SPI_handler_1
 .text.SPI_handler_2
                0x00000412       0x64 DigiCom.o
                0x00000412                SPI_handler_2
 .text.SPI_handler_4
                0x00000476       0x3e DigiCom.o
                0x00000476                SPI_handler_4
 .text.handle_can
                0x000004b4       0xa4 DigiCom.o
                0x000004b4                handle_can
 .text.handle_motor_status_can_msg
                0x00000558       0x74 DigiCom.o
                0x00000558                handle_motor_status_can_msg
 .text.handle_clutch_cmd_can_msg
                0x000005cc       0x26 DigiCom.o
                0x000005cc                handle_clutch_cmd_can_msg
 .text.receive_uart
                0x000005f2      0x18c DigiCom.o
                0x000005f2                receive_uart
 .text.send_uart
                0x0000077e      0x100 DigiCom.o
                0x0000077e                send_uart
 .text.manage_LEDs
                0x0000087e       0x84 DigiCom.o
                0x0000087e                manage_LEDs
 .text.speed_init
                0x00000902       0x16 speed.o
                0x00000902                speed_init
 .text.handle_speed_sensor
                0x00000918       0x92 speed.o
                0x00000918                handle_speed_sensor
 .text.compute_synch_duty
                0x000009aa       0xa6 speed.o
                0x000009aa                compute_synch_duty
 .text.state_handler
                0x00000a50      0x230 state_machine.o
                0x00000a50                state_handler
 .text.pwm_init
                0x00000c80       0x9a pwm.o
                0x00000c80                pwm_init
 .text.uart0_putc
                0x00000d1a       0x2c usart.o
                0x00000d1a                uart0_putc
                0x00000d1a                uart0_putc_
 .text.uart0_flush
                0x00000d46        0xe usart.o
                0x00000d46                uart0_flush
 .text.uart1_putc
                0x00000d54       0x2c usart.o
                0x00000d54                uart1_putc
                0x00000d54                uart1_putc_
 .text.uart_putchar
                0x00000d80       0x30 usart.o
                0x00000d80                uart_putchar
 .text.uart0_getc
                0x00000db0       0x24 usart.o
                0x00000db0                uart0_getc
 .text.uart0_getlnToFirstWhiteSpace
                0x00000dd4       0x2c usart.o
                0x00000dd4                uart0_getlnToFirstWhiteSpace
 .text.uart0_getint
                0x00000e00       0x36 usart.o
                0x00000e00                uart0_getint
 .text.uart0_getData
                0x00000e36       0x28 usart.o
                0x00000e36                uart0_getData
 .text.uart1_getData
                0x00000e5e       0x28 usart.o
                0x00000e5e                uart1_getData
 .text.uart_getchar
                0x00000e86       0x20 usart.o
                0x00000e86                uart_getchar
 .text.__vector_22
                0x00000ea6       0x3c usart.o
                0x00000ea6                __vector_22
 .text.__vector_21
                0x00000ee2       0x36 usart.o
                0x00000ee2                __vector_21
 .text.__vector_33
                0x00000f18       0x3c usart.o
                0x00000f18                __vector_33
 .text.__vector_32
                0x00000f54       0x36 usart.o
                0x00000f54                __vector_32
 .text.timer1_init_ts
                0x00000f8a       0x30 main.o
                0x00000f8a                timer1_init_ts
 .text.timer0_init_ts
                0x00000fba       0x1e main.o
                0x00000fba                timer0_init_ts
 .text.startup.main
                0x00000fd8      0x10a main.o
                0x00000fd8                main
 .text.__vector_16
                0x000010e2      0x152 main.o
                0x000010e2                __vector_16
 .text.__vector_12
                0x00001234       0xb4 main.o
                0x00001234                __vector_12
 .text.__vector_6
                0x000012e8       0x2e main.o
                0x000012e8                __vector_6
 .text.handle_current_sensor
                0x00001316       0xe6 sensors.o
                0x00001316                handle_current_sensor
 .text.handle_temp_sensor
                0x000013fc      0x104 sensors.o
                0x000013fc                handle_temp_sensor
 .text.handle_joulemeter
                0x00001500       0x6e sensors.o
                0x00001500                handle_joulemeter
 .text.Set_ADC_Channel_ext
                0x0000156e       0x4a UniversalModuleDrivers/adc.o
                0x0000156e                Set_ADC_Channel_ext
 .text.__vector_18
                0x000015b8      0x1da UniversalModuleDrivers/can.o
                0x000015b8                __vector_18
 .text.can_init
                0x00001792       0xa6 UniversalModuleDrivers/can.o
                0x00001792                can_init
 .text.can_read_message_if_new
                0x00001838       0x80 UniversalModuleDrivers/can.o
                0x00001838                can_read_message_if_new
 .text.can_send_message
                0x000018b8       0xf4 UniversalModuleDrivers/can.o
                0x000018b8                can_send_message
 .text.rgbled_turn_off
                0x000019ac        0x8 UniversalModuleDrivers/rgbled.o
                0x000019ac                rgbled_turn_off
 .text.rgbled_init
                0x000019b4        0xa UniversalModuleDrivers/rgbled.o
                0x000019b4                rgbled_init
 .text.rgbled_turn_on
                0x000019be        0xa UniversalModuleDrivers/rgbled.o
                0x000019be                rgbled_turn_on
 .text.rgbled_toggle
                0x000019c8        0x8 UniversalModuleDrivers/rgbled.o
                0x000019c8                rgbled_toggle
 .text.spi_init
                0x000019d0       0x1c UniversalModuleDrivers/spi.o
                0x000019d0                spi_init
 .text.spi_trancieve
                0x000019ec       0x38 UniversalModuleDrivers/spi.o
                0x000019ec                spi_trancieve
 .text.__vector_17
                0x00001a24       0x6a UniversalModuleDrivers/timer.o
                0x00001a24                __vector_17
 .text.avr-libc.fplib
                0x00001a8e        0xa c:/program files (x86)/atmel/studio/7.0/toolchain/avr8/avr8-gnu-toolchain/bin/../lib/gcc/avr/5.4.0/../../../../avr/lib/avr51\libm.a(addsf3.o)
                0x00001a8e                __subsf3
                0x00001a90                __addsf3
 .text.avr-libc.fplib
                0x00001a98       0xc0 c:/program files (x86)/atmel/studio/7.0/toolchain/avr8/avr8-gnu-toolchain/bin/../lib/gcc/avr/5.4.0/../../../../avr/lib/avr51\libm.a(addsf3x.o)
                0x00001ab2                __addsf3x
 .text.avr-libc.fplib
                0x00001b58        0x8 c:/program files (x86)/atmel/studio/7.0/toolchain/avr8/avr8-gnu-toolchain/bin/../lib/gcc/avr/5.4.0/../../../../avr/lib/avr51\libm.a(cmpsf2.o)
                0x00001b58                __nesf2
                0x00001b58                __eqsf2
                0x00001b58                __cmpsf2
                0x00001b58                __ltsf2
                0x00001b58                __lesf2
 .text.avr-libc.fplib
                0x00001b60        0x4 c:/program files (x86)/atmel/studio/7.0/toolchain/avr8/avr8-gnu-toolchain/bin/../lib/gcc/avr/5.4.0/../../../../avr/lib/avr51\libm.a(divsf3.o)
                0x00001b60                __divsf3
 .text.avr-libc.fplib
                0x00001b64       0xcc c:/program files (x86)/atmel/studio/7.0/toolchain/avr8/avr8-gnu-toolchain/bin/../lib/gcc/avr/5.4.0/../../../../avr/lib/avr51\libm.a(divsf3x.o)
                0x00001b7a                __divsf3x
                0x00001b7e                __divsf3_pse
 .text.avr-libc.fplib
                0x00001c30        0xa c:/program files (x86)/atmel/studio/7.0/toolchain/avr8/avr8-gnu-toolchain/bin/../lib/gcc/avr/5.4.0/../../../../avr/lib/avr51\libm.a(fixsfsi.o)
                0x00001c30                __fixsfsi
 .text.avr-libc.fplib
                0x00001c3a       0x58 c:/program files (x86)/atmel/studio/7.0/toolchain/avr8/avr8-gnu-toolchain/bin/../lib/gcc/avr/5.4.0/../../../../avr/lib/avr51\libm.a(fixunssfsi.o)
                0x00001c3a                __fixunssfsi
 .text.avr-libc.fplib
                0x00001c92       0x7a c:/program files (x86)/atmel/studio/7.0/toolchain/avr8/avr8-gnu-toolchain/bin/../lib/gcc/avr/5.4.0/../../../../avr/lib/avr51\libm.a(floatsisf.o)
                0x00001c92                __floatunsisf
                0x00001c96                __floatsisf
 .text.avr-libc.fplib
                0x00001d0c       0x48 c:/program files (x86)/atmel/studio/7.0/toolchain/avr8/avr8-gnu-toolchain/bin/../lib/gcc/avr/5.4.0/../../../../avr/lib/avr51\libm.a(fp_cmp.o)
                0x00001d0c                __fp_cmp
 .text.avr-libc.fplib
                0x00001d54        0xc c:/program files (x86)/atmel/studio/7.0/toolchain/avr8/avr8-gnu-toolchain/bin/../lib/gcc/avr/5.4.0/../../../../avr/lib/avr51\libm.a(fp_inf.o)
                0x00001d54                __fp_inf
 .text.avr-libc.fplib
                0x00001d60        0x6 c:/program files (x86)/atmel/studio/7.0/toolchain/avr8/avr8-gnu-toolchain/bin/../lib/gcc/avr/5.4.0/../../../../avr/lib/avr51\libm.a(fp_nan.o)
                0x00001d60                __fp_nan
 .text.avr-libc.fplib
                0x00001d66        0xe c:/program files (x86)/atmel/studio/7.0/toolchain/avr8/avr8-gnu-toolchain/bin/../lib/gcc/avr/5.4.0/../../../../avr/lib/avr51\libm.a(fp_pscA.o)
                0x00001d66                __fp_pscA
 .text.avr-libc.fplib
                0x00001d74        0xe c:/program files (x86)/atmel/studio/7.0/toolchain/avr8/avr8-gnu-toolchain/bin/../lib/gcc/avr/5.4.0/../../../../avr/lib/avr51\libm.a(fp_pscB.o)
                0x00001d74                __fp_pscB
 .text.avr-libc.fplib
                0x00001d82       0x22 c:/program files (x86)/atmel/studio/7.0/toolchain/avr8/avr8-gnu-toolchain/bin/../lib/gcc/avr/5.4.0/../../../../avr/lib/avr51\libm.a(fp_round.o)
                0x00001d82                __fp_round
 .text.avr-libc.fplib
                0x00001da4       0x44 c:/program files (x86)/atmel/studio/7.0/toolchain/avr8/avr8-gnu-toolchain/bin/../lib/gcc/avr/5.4.0/../../../../avr/lib/avr51\libm.a(fp_split3.o)
                0x00001da4                __fp_split3
                0x00001db4                __fp_splitA
 .text.avr-libc.fplib
                0x00001de8        0xe c:/program files (x86)/atmel/studio/7.0/toolchain/avr8/avr8-gnu-toolchain/bin/../lib/gcc/avr/5.4.0/../../../../avr/lib/avr51\libm.a(fp_zero.o)
                0x00001de8                __fp_zero
                0x00001dea                __fp_szero
 .text.avr-libc.fplib
                0x00001df6        0x8 c:/program files (x86)/atmel/studio/7.0/toolchain/avr8/avr8-gnu-toolchain/bin/../lib/gcc/avr/5.4.0/../../../../avr/lib/avr51\libm.a(gesf2.o)
                0x00001df6                __gesf2
                0x00001df6                __gtsf2
 .text.avr-libc.fplib
                0x00001dfe        0x4 c:/program files (x86)/atmel/studio/7.0/toolchain/avr8/avr8-gnu-toolchain/bin/../lib/gcc/avr/5.4.0/../../../../avr/lib/avr51\libm.a(mulsf3.o)
                0x00001dfe                __mulsf3
 .text.avr-libc.fplib
                0x00001e02       0xc2 c:/program files (x86)/atmel/studio/7.0/toolchain/avr8/avr8-gnu-toolchain/bin/../lib/gcc/avr/5.4.0/../../../../avr/lib/avr51\libm.a(mulsf3x.o)
                0x00001e16                __mulsf3x
                0x00001e1a                __mulsf3_pse
 .text.libgcc.div
                0x00001ec4       0x18 c:/program files (x86)/atmel/studio/7.0/toolchain/avr8/avr8-gnu-toolchain/bin/../lib/gcc/avr/5.4.0/avr51\libgcc.a(_udivmodqi4.o)
                0x00001ec4                __udivmodqi4
 .text.libgcc.div
                0x00001edc       0x26 c:/program files (x86)/atmel/studio/7.0/toolchain/avr8/avr8-gnu-toolchain/bin/../lib/gcc/avr/5.4.0/avr51\libgcc.a(_divmodhi4.o)
                0x00001edc                _div
                0x00001edc                __divmodhi4
 .text.libgcc   0x00001f02       0x12 c:/program files (x86)/atmel/studio/7.0/toolchain/avr8/avr8-gnu-toolchain/bin/../lib/gcc/avr/5.4.0/avr51\libgcc.a(_tablejump2.o)
                0x00001f02                __tablejump2__
 .text.libgcc.div
                0x00001f14       0x28 c:/program files (x86)/atmel/studio/7.0/toolchain/avr8/avr8-gnu-toolchain/bin/../lib/gcc/avr/5.4.0/avr51\libgcc.a(_udivmodhi4.o)
                0x00001f14                __udivmodhi4
 .text.avr-libc
                0x00001f3c       0x3a c:/program files (x86)/atmel/studio/7.0/toolchain/avr8/avr8-gnu-toolchain/bin/../lib/gcc/avr/5.4.0/../../../../avr/lib/avr51\libc.a(atoi.o)
                0x00001f3c                atoi
 .text.avr-libc
                0x00001f76       0x10 c:/program files (x86)/atmel/studio/7.0/toolchain/avr8/avr8-gnu-toolchain/bin/../lib/gcc/avr/5.4.0/../../../../avr/lib/avr51\libc.a(mul10.o)
                0x00001f76                __mulhi_const_10
 .text.avr-libc
                0x00001f86       0x26 c:/program files (x86)/atmel/studio/7.0/toolchain/avr8/avr8-gnu-toolchain/bin/../lib/gcc/avr/5.4.0/../../../../avr/lib/avr51\libc.a(printf.o)
                0x00001f86                printf
 .text.avr-libc
                0x00001fac        0xa c:/program files (x86)/atmel/studio/7.0/toolchain/avr8/avr8-gnu-toolchain/bin/../lib/gcc/avr/5.4.0/../../../../avr/lib/avr51\libc.a(putchar.o)
                0x00001fac                putchar
 .text.avr-libc
                0x00001fb6       0x60 c:/program files (x86)/atmel/studio/7.0/toolchain/avr8/avr8-gnu-toolchain/bin/../lib/gcc/avr/5.4.0/../../../../avr/lib/avr51\libc.a(puts.o)
                0x00001fb6                puts
 .text.avr-libc
                0x00002016      0x3fa c:/program files (x86)/atmel/studio/7.0/toolchain/avr8/avr8-gnu-toolchain/bin/../lib/gcc/avr/5.4.0/../../../../avr/lib/avr51\libc.a(vfprintf_std.o)
                0x00002016                vfprintf
 .text.avr-libc
                0x00002410       0x16 c:/program files (x86)/atmel/studio/7.0/toolchain/avr8/avr8-gnu-toolchain/bin/../lib/gcc/avr/5.4.0/../../../../avr/lib/avr51\libc.a(strnlen_P.o)
                0x00002410                strnlen_P
 .text.avr-libc
                0x00002426       0x16 c:/program files (x86)/atmel/studio/7.0/toolchain/avr8/avr8-gnu-toolchain/bin/../lib/gcc/avr/5.4.0/../../../../avr/lib/avr51\libc.a(strnlen.o)
                0x00002426                strnlen
 .text.avr-libc
                0x0000243c       0x78 c:/program files (x86)/atmel/studio/7.0/toolchain/avr8/avr8-gnu-toolchain/bin/../lib/gcc/avr/5.4.0/../../../../avr/lib/avr51\libc.a(fputc.o)
                0x0000243c                fputc
 .text.avr-libc
                0x000024b4       0xbc c:/program files (x86)/atmel/studio/7.0/toolchain/avr8/avr8-gnu-toolchain/bin/../lib/gcc/avr/5.4.0/../../../../avr/lib/avr51\libc.a(ultoa_invert.o)
                0x000024b4                __ultoa_invert
                0x00002570                . = ALIGN (0x2)
 *(.fini9)
 .fini9         0x00002570        0x0 c:/program files (x86)/atmel/studio/7.0/toolchain/avr8/avr8-gnu-toolchain/bin/../lib/gcc/avr/5.4.0/avr51\libgcc.a(_exit.o)
                0x00002570                _exit
                0x00002570                exit
 *(.fini9)
 *(.fini8)
 *(.fini8)
 *(.fini7)
 *(.fini7)
 *(.fini6)
 *(.fini6)
 *(.fini5)
 *(.fini5)
 *(.fini4)
 *(.fini4)
 *(.fini3)
 *(.fini3)
 *(.fini2)
 *(.fini2)
 *(.fini1)
 *(.fini1)
 *(.fini0)
 .fini0         0x00002570        0x4 c:/program files (x86)/atmel/studio/7.0/toolchain/avr8/avr8-gnu-toolchain/bin/../lib/gcc/avr/5.4.0/avr51\libgcc.a(_exit.o)
 *(.fini0)
                0x00002574                _etext = .

.data           0x00800100      0x2f0 load address 0x00002574
                0x00800100                PROVIDE (__data_start, .)
 *(.data)
 *(.data*)
 .data.f32_DutyCycleCmd
                0x00800100        0x4 controller.o
 .data.uart0_io
                0x00800104        0xe usart.o
                0x00800104                uart0_io
 .data.ComValues
                0x00800112       0x20 main.o
                0x00800112                ComValues
 *(.rodata)
 *(.rodata*)
 .rodata.str1.1
                0x00800132      0x2be DigiCom.o
 *(.gnu.linkonce.d*)
                0x008003f0                . = ALIGN (0x2)
                0x008003f0                _edata = .
                0x008003f0                PROVIDE (__data_end, .)

.bss            0x008003f0      0x24b
                0x008003f0                PROVIDE (__bss_start, .)
 *(.bss)
 *(.bss*)
 .bss.b_saturation
                0x008003f0        0x1 controller.o
 .bss.f32_CurrentDelta
                0x008003f1        0x4 controller.o
                0x008003f1                f32_CurrentDelta
 .bss.f32_Integrator
                0x008003f5        0x4 controller.o
 .bss.u8_uart_welcome
                0x008003f9        0x1 DigiCom.o
                0x008003f9                u8_uart_welcome
 .bss.u8_rxBuffer
                0x008003fa        0x3 DigiCom.o
 .bss.u8_txBuffer
                0x008003fd        0x2 DigiCom.o
 .bss.save_ctrl_type
                0x008003ff        0x1 state_machine.o
 .bss.b_major_fault
                0x00800400        0x1 state_machine.o
 .bss.u16_speed_count
                0x00800401        0x2 main.o
 .bss.u8_SPI_count
                0x00800403        0x1 main.o
 .bss.b_send_uart
                0x00800404        0x1 main.o
                0x00800404                b_send_uart
 .bss.b_send_can
                0x00800405        0x1 main.o
 .bss.systic_counter_slow
                0x00800406        0x2 main.o
 .bss.systic_counter_fast
                0x00800408        0x1 main.o
 .bss.reset     0x00800409        0x1 UniversalModuleDrivers/can.o
 .bss.rx_on     0x0080040a        0x1 UniversalModuleDrivers/can.o
 .bss.rx_off    0x0080040b        0x1 UniversalModuleDrivers/can.o
 .bss.tx_busy   0x0080040c        0x1 UniversalModuleDrivers/can.o
 .bss.tx_on     0x0080040d        0x1 UniversalModuleDrivers/can.o
 .bss.tx_off    0x0080040e        0x1 UniversalModuleDrivers/can.o
 .bss.rx_frames
                0x0080040f       0xb0 UniversalModuleDrivers/can.o
 .bss.tx_frames
                0x008004bf       0xb0 UniversalModuleDrivers/can.o
 .bss.elapsed_microseconds
                0x0080056f       0x20 UniversalModuleDrivers/timer.o
 .bss.timer_enabled
                0x0080058f        0x8 UniversalModuleDrivers/timer.o
 *(COMMON)
 COMMON         0x00800597       0x16 DigiCom.o
                0x00800597                rxFrame
                0x008005a2                txFrame
 COMMON         0x008005ad       0x88 usart.o
                0x008005ad                rx0_buffer
                0x008005cd                rx1_Tail
                0x008005ce                tx0_Tail
                0x008005cf                rx0_Tail
                0x008005d0                tx1_buffer
                0x008005f0                tx0_Head
                0x008005f1                rx1_buffer
                0x00800611                rx0_Head
                0x00800612                tx1_Tail
                0x00800613                rx1_Head
                0x00800614                tx1_Head
                0x00800615                tx0_buffer
 COMMON         0x00800635        0x6 c:/program files (x86)/atmel/studio/7.0/toolchain/avr8/avr8-gnu-toolchain/bin/../lib/gcc/avr/5.4.0/../../../../avr/lib/avr51\libc.a(iob.o)
                0x00800635                __iob
                0x0080063b                PROVIDE (__bss_end, .)
                0x00002574                __data_load_start = LOADADDR (.data)
                0x00002864                __data_load_end = (__data_load_start + SIZEOF (.data))

.noinit         0x0080063b        0x0
                [!provide]                PROVIDE (__noinit_start, .)
 *(.noinit*)
                [!provide]                PROVIDE (__noinit_end, .)
                0x0080063b                _end = .
                0x0080063b                PROVIDE (__heap_start, .)

.eeprom         0x00810000        0x0
 *(.eeprom*)
                0x00810000                __eeprom_end = .

.fuse
 *(.fuse)
 *(.lfuse)
 *(.hfuse)
 *(.efuse)

.lock
 *(.lock*)

.signature
 *(.signature*)

.user_signatures
 *(.user_signatures*)

.stab
 *(.stab)

.stabstr
 *(.stabstr)

.stab.excl
 *(.stab.excl)

.stab.exclstr
 *(.stab.exclstr)

.stab.index
 *(.stab.index)

.stab.indexstr
 *(.stab.indexstr)

.comment        0x00000000       0x5c
 *(.comment)
 .comment       0x00000000       0x30 controller.o
                                 0x31 (size before relaxing)
 .comment       0x00000030       0x31 DigiCom.o
 .comment       0x00000030       0x31 speed.o
 .comment       0x00000030       0x31 state_machine.o
 .comment       0x00000030       0x31 pwm.o
 .comment       0x00000030       0x31 usart.o
 .comment       0x00000030       0x31 main.o
 .comment       0x00000030       0x31 sensors.o
 .comment       0x00000030       0x31 UniversalModuleDrivers/adc.o
 .comment       0x00000030       0x31 UniversalModuleDrivers/can.o
 .comment       0x00000030       0x31 UniversalModuleDrivers/rgbled.o
 .comment       0x00000030       0x31 UniversalModuleDrivers/spi.o
 .comment       0x00000030       0x31 UniversalModuleDrivers/timer.o
 .comment       0x00000030       0x31 c:/program files (x86)/atmel/studio/7.0/toolchain/avr8/avr8-gnu-toolchain/bin/../lib/gcc/avr/5.4.0/../../../../avr/lib/avr51\libc.a(iob.o)
 .comment       0x00000030       0x31 c:/program files (x86)/atmel/studio/7.0/toolchain/avr8/avr8-gnu-toolchain/bin/../lib/gcc/avr/5.4.0/../../../../avr/lib/avr51\libc.a(printf.o)
 .comment       0x00000030       0x31 c:/program files (x86)/atmel/studio/7.0/toolchain/avr8/avr8-gnu-toolchain/bin/../lib/gcc/avr/5.4.0/../../../../avr/lib/avr51\libc.a(putchar.o)
 .comment       0x00000030       0x31 c:/program files (x86)/atmel/studio/7.0/toolchain/avr8/avr8-gnu-toolchain/bin/../lib/gcc/avr/5.4.0/../../../../avr/lib/avr51\libc.a(puts.o)
 .comment       0x00000030       0x2c c:/program files (x86)/atmel/studio/7.0/toolchain/avr8/avr8-gnu-toolchain/bin/../lib/gcc/avr/5.4.0/../../../../avr/lib/avr51\libc.a(vfprintf_std.o)
                                 0x2d (size before relaxing)
 .comment       0x0000005c       0x31 c:/program files (x86)/atmel/studio/7.0/toolchain/avr8/avr8-gnu-toolchain/bin/../lib/gcc/avr/5.4.0/../../../../avr/lib/avr51\libc.a(fputc.o)

.note.gnu.avr.deviceinfo
                0x00000000       0x40
 .note.gnu.avr.deviceinfo
                0x00000000       0x40 C:/Program Files (x86)/Atmel/Studio/7.0/Packs/atmel/ATmega_DFP/1.1.130/gcc/dev/at90can128/avr51/crtat90can128.o

.note.gnu.build-id
 *(.note.gnu.build-id)

.debug
 *(.debug)

.line
 *(.line)

.debug_srcinfo
 *(.debug_srcinfo)

.debug_sfnames
 *(.debug_sfnames)

.debug_aranges
 *(.debug_aranges)

.debug_pubnames
 *(.debug_pubnames)

.debug_info     0x00000000      0xa2d
 *(.debug_info .gnu.linkonce.wi.*)
 .debug_info    0x00000000      0xa2d C:/Program Files (x86)/Atmel/Studio/7.0/Packs/atmel/ATmega_DFP/1.1.130/gcc/dev/at90can128/avr51/crtat90can128.o

.debug_abbrev   0x00000000      0x9a0
 *(.debug_abbrev)
 .debug_abbrev  0x00000000      0x9a0 C:/Program Files (x86)/Atmel/Studio/7.0/Packs/atmel/ATmega_DFP/1.1.130/gcc/dev/at90can128/avr51/crtat90can128.o

.debug_line     0x00000000      0x175
 *(.debug_line .debug_line.* .debug_line_end)
 .debug_line    0x00000000      0x175 C:/Program Files (x86)/Atmel/Studio/7.0/Packs/atmel/ATmega_DFP/1.1.130/gcc/dev/at90can128/avr51/crtat90can128.o

.debug_frame
 *(.debug_frame)

.debug_str      0x00000000      0x39f
 *(.debug_str)
 .debug_str     0x00000000      0x39f C:/Program Files (x86)/Atmel/Studio/7.0/Packs/atmel/ATmega_DFP/1.1.130/gcc/dev/at90can128/avr51/crtat90can128.o

.debug_loc
 *(.debug_loc)

.debug_macinfo
 *(.debug_macinfo)

.debug_weaknames
 *(.debug_weaknames)

.debug_funcnames
 *(.debug_funcnames)

.debug_typenames
 *(.debug_typenames)

.debug_varnames
 *(.debug_varnames)

.debug_pubtypes
 *(.debug_pubtypes)

.debug_ranges
 *(.debug_ranges)

.debug_macro
 *(.debug_macro)
OUTPUT(MotorController_2018.elf elf32-avr)
LOAD linker stubs
