Archive member included to satisfy reference by file (symbol)

c:/program files (x86)/atmel/studio/7.0/toolchain/avr8/avr8-gnu-toolchain/bin/../lib/gcc/avr/5.4.0/../../../../avr/lib/avr51\libm.a(addsf3.o)
                              controller.o (__subsf3)
c:/program files (x86)/atmel/studio/7.0/toolchain/avr8/avr8-gnu-toolchain/bin/../lib/gcc/avr/5.4.0/../../../../avr/lib/avr51\libm.a(addsf3x.o)
                              c:/program files (x86)/atmel/studio/7.0/toolchain/avr8/avr8-gnu-toolchain/bin/../lib/gcc/avr/5.4.0/../../../../avr/lib/avr51\libm.a(addsf3.o) (__addsf3x)
c:/program files (x86)/atmel/studio/7.0/toolchain/avr8/avr8-gnu-toolchain/bin/../lib/gcc/avr/5.4.0/../../../../avr/lib/avr51\libm.a(cmpsf2.o)
                              controller.o (__ltsf2)
c:/program files (x86)/atmel/studio/7.0/toolchain/avr8/avr8-gnu-toolchain/bin/../lib/gcc/avr/5.4.0/../../../../avr/lib/avr51\libm.a(divsf3.o)
                              controller.o (__divsf3)
c:/program files (x86)/atmel/studio/7.0/toolchain/avr8/avr8-gnu-toolchain/bin/../lib/gcc/avr/5.4.0/../../../../avr/lib/avr51\libm.a(divsf3x.o)
                              c:/program files (x86)/atmel/studio/7.0/toolchain/avr8/avr8-gnu-toolchain/bin/../lib/gcc/avr/5.4.0/../../../../avr/lib/avr51\libm.a(divsf3.o) (__divsf3x)
c:/program files (x86)/atmel/studio/7.0/toolchain/avr8/avr8-gnu-toolchain/bin/../lib/gcc/avr/5.4.0/../../../../avr/lib/avr51\libm.a(fixsfsi.o)
                              controller.o (__fixsfsi)
c:/program files (x86)/atmel/studio/7.0/toolchain/avr8/avr8-gnu-toolchain/bin/../lib/gcc/avr/5.4.0/../../../../avr/lib/avr51\libm.a(fixunssfsi.o)
                              controller.o (__fixunssfsi)
c:/program files (x86)/atmel/studio/7.0/toolchain/avr8/avr8-gnu-toolchain/bin/../lib/gcc/avr/5.4.0/../../../../avr/lib/avr51\libm.a(floatsisf.o)
                              controller.o (__floatunsisf)
c:/program files (x86)/atmel/studio/7.0/toolchain/avr8/avr8-gnu-toolchain/bin/../lib/gcc/avr/5.4.0/../../../../avr/lib/avr51\libm.a(fp_cmp.o)
                              c:/program files (x86)/atmel/studio/7.0/toolchain/avr8/avr8-gnu-toolchain/bin/../lib/gcc/avr/5.4.0/../../../../avr/lib/avr51\libm.a(cmpsf2.o) (__fp_cmp)
c:/program files (x86)/atmel/studio/7.0/toolchain/avr8/avr8-gnu-toolchain/bin/../lib/gcc/avr/5.4.0/../../../../avr/lib/avr51\libm.a(fp_inf.o)
                              c:/program files (x86)/atmel/studio/7.0/toolchain/avr8/avr8-gnu-toolchain/bin/../lib/gcc/avr/5.4.0/../../../../avr/lib/avr51\libm.a(addsf3x.o) (__fp_inf)
c:/program files (x86)/atmel/studio/7.0/toolchain/avr8/avr8-gnu-toolchain/bin/../lib/gcc/avr/5.4.0/../../../../avr/lib/avr51\libm.a(fp_nan.o)
                              c:/program files (x86)/atmel/studio/7.0/toolchain/avr8/avr8-gnu-toolchain/bin/../lib/gcc/avr/5.4.0/../../../../avr/lib/avr51\libm.a(addsf3x.o) (__fp_nan)
c:/program files (x86)/atmel/studio/7.0/toolchain/avr8/avr8-gnu-toolchain/bin/../lib/gcc/avr/5.4.0/../../../../avr/lib/avr51\libm.a(fp_pscA.o)
                              c:/program files (x86)/atmel/studio/7.0/toolchain/avr8/avr8-gnu-toolchain/bin/../lib/gcc/avr/5.4.0/../../../../avr/lib/avr51\libm.a(addsf3x.o) (__fp_pscA)
c:/program files (x86)/atmel/studio/7.0/toolchain/avr8/avr8-gnu-toolchain/bin/../lib/gcc/avr/5.4.0/../../../../avr/lib/avr51\libm.a(fp_pscB.o)
                              c:/program files (x86)/atmel/studio/7.0/toolchain/avr8/avr8-gnu-toolchain/bin/../lib/gcc/avr/5.4.0/../../../../avr/lib/avr51\libm.a(addsf3x.o) (__fp_pscB)
c:/program files (x86)/atmel/studio/7.0/toolchain/avr8/avr8-gnu-toolchain/bin/../lib/gcc/avr/5.4.0/../../../../avr/lib/avr51\libm.a(fp_round.o)
                              c:/program files (x86)/atmel/studio/7.0/toolchain/avr8/avr8-gnu-toolchain/bin/../lib/gcc/avr/5.4.0/../../../../avr/lib/avr51\libm.a(addsf3.o) (__fp_round)
c:/program files (x86)/atmel/studio/7.0/toolchain/avr8/avr8-gnu-toolchain/bin/../lib/gcc/avr/5.4.0/../../../../avr/lib/avr51\libm.a(fp_split3.o)
                              c:/program files (x86)/atmel/studio/7.0/toolchain/avr8/avr8-gnu-toolchain/bin/../lib/gcc/avr/5.4.0/../../../../avr/lib/avr51\libm.a(addsf3x.o) (__fp_split3)
c:/program files (x86)/atmel/studio/7.0/toolchain/avr8/avr8-gnu-toolchain/bin/../lib/gcc/avr/5.4.0/../../../../avr/lib/avr51\libm.a(fp_zero.o)
                              c:/program files (x86)/atmel/studio/7.0/toolchain/avr8/avr8-gnu-toolchain/bin/../lib/gcc/avr/5.4.0/../../../../avr/lib/avr51\libm.a(addsf3x.o) (__fp_zero)
c:/program files (x86)/atmel/studio/7.0/toolchain/avr8/avr8-gnu-toolchain/bin/../lib/gcc/avr/5.4.0/../../../../avr/lib/avr51\libm.a(gesf2.o)
                              controller.o (__gesf2)
c:/program files (x86)/atmel/studio/7.0/toolchain/avr8/avr8-gnu-toolchain/bin/../lib/gcc/avr/5.4.0/../../../../avr/lib/avr51\libm.a(mulsf3.o)
                              controller.o (__mulsf3)
[...]
Memory Configuration

Name             Origin             Length             Attributes
text             0x00000000         0x00020000         xr
data             0x00800100         0x0000ff00         rw !x
eeprom           0x00810000         0x00010000         rw !x
fuse             0x00820000         0x00000003         rw !x
lock             0x00830000         0x00000400         rw !x
signature        0x00840000         0x00000400         rw !x
user_signatures  0x00850000         0x00000400         rw !x
*default*        0x00000000         0xffffffff

Linker script and memory map

Address of section .data set to 0x800100
LOAD C:/Program Files (x86)/Atmel/Studio/7.0/Packs/atmel/ATmega_DFP/1.1.130/gcc/dev/at90can128/avr51/crtat90can128.o
LOAD controller.o
LOAD DigiCom.o
LOAD speed.o
LOAD usart.o
LOAD main.o
LOAD pid.o
LOAD sensors.o
LOAD UniversalModuleDrivers/adc.o
LOAD UniversalModuleDrivers/can.o
LOAD pwm.o
LOAD UniversalModuleDrivers/rgbled.o
LOAD UniversalModuleDrivers/spi.o
LOAD UniversalModuleDrivers/timer.o
LOAD UniversalModuleDrivers/uart.o
LOAD usbdb.o
START GROUP
LOAD c:/program files (x86)/atmel/studio/7.0/toolchain/avr8/avr8-gnu-toolchain/bin/../lib/gcc/avr/5.4.0/../../../../avr/lib/avr51\libm.a
END GROUP
START GROUP
LOAD c:/program files (x86)/atmel/studio/7.0/toolchain/avr8/avr8-gnu-toolchain/bin/../lib/gcc/avr/5.4.0/avr51\libgcc.a
LOAD c:/program files (x86)/atmel/studio/7.0/toolchain/avr8/avr8-gnu-toolchain/bin/../lib/gcc/avr/5.4.0/../../../../avr/lib/avr51\libm.a
LOAD c:/program files (x86)/atmel/studio/7.0/toolchain/avr8/avr8-gnu-toolchain/bin/../lib/gcc/avr/5.4.0/../../../../avr/lib/avr51\libc.a
LOAD C:/Program Files (x86)/Atmel/Studio/7.0/Packs/atmel/ATmega_DFP/1.1.130/gcc/dev/at90can128/avr51\libat90can128.a
END GROUP
                0x00020000                __TEXT_REGION_LENGTH__ = DEFINED (__TEXT_REGION_LENGTH__)?__TEXT_REGION_LENGTH__:0x20000
                0x0000ff00                __DATA_REGION_LENGTH__ = DEFINED (__DATA_REGION_LENGTH__)?__DATA_REGION_LENGTH__:0xff00
                0x00010000                __EEPROM_REGION_LENGTH__ = DEFINED (__EEPROM_REGION_LENGTH__)?__EEPROM_REGION_LENGTH__:0x10000
                [0x00000003]                __FUSE_REGION_LENGTH__ = DEFINED (__FUSE_REGION_LENGTH__)?__FUSE_REGION_LENGTH__:0x400
                0x00000400                __LOCK_REGION_LENGTH__ = DEFINED (__LOCK_REGION_LENGTH__)?__LOCK_REGION_LENGTH__:0x400
                0x00000400                __SIGNATURE_REGION_LENGTH__ = DEFINED (__SIGNATURE_REGION_LENGTH__)?__SIGNATURE_REGION_LENGTH__:0x400
                0x00000400                __USER_SIGNATURE_REGION_LENGTH__ = DEFINED (__USER_SIGNATURE_REGION_LENGTH__)?__USER_SIGNATURE_REGION_LENGTH__:0x400

.hash
 *(.hash)

.dynsym
 *(.dynsym)

.dynstr
 *(.dynstr)

.gnu.version
 *(.gnu.version)

.gnu.version_d
 *(.gnu.version_d)

.gnu.version_r
 *(.gnu.version_r)

.rel.init
 *(.rel.init)

.rela.init
 *(.rela.init)

.rel.text
 *(.rel.text)
 *(.rel.text.*)
 *(.rel.gnu.linkonce.t*)

.rela.text
 *(.rela.text)
 *(.rela.text.*)
 *(.rela.gnu.linkonce.t*)

.rel.fini
 *(.rel.fini)

.rela.fini
 *(.rela.fini)

.rel.rodata
 *(.rel.rodata)
 *(.rel.rodata.*)
 *(.rel.gnu.linkonce.r*)

.rela.rodata
 *(.rela.rodata)
 *(.rela.rodata.*)
 *(.rela.gnu.linkonce.r*)

.rel.data
 *(.rel.data)
 *(.rel.data.*)
 *(.rel.gnu.linkonce.d*)

.rela.data
 *(.rela.data)
 *(.rela.data.*)
 *(.rela.gnu.linkonce.d*)

.rel.ctors
 *(.rel.ctors)

.rela.ctors
 *(.rela.ctors)

.rel.dtors
 *(.rel.dtors)

.rela.dtors
 *(.rela.dtors)

.rel.got
 *(.rel.got)

.rela.got
 *(.rela.got)

.rel.bss
 *(.rel.bss)

.rela.bss
 *(.rela.bss)

.rel.plt
 *(.rel.plt)

.rela.plt
 *(.rela.plt)

.text           0x00000000     0x1fcc
 *(.vectors)
 .vectors       0x00000000       0x94 C:/Program Files (x86)/Atmel/Studio/7.0/Packs/atmel/ATmega_DFP/1.1.130/gcc/dev/at90can128/avr51/crtat90can128.o
                0x00000000                __vector_default
                0x00000000                __vectors
 *(.vectors)
 *(.progmem.gcc*)
 .progmem.gcc_sw_table.Set_ADC_Channel_ext
                0x00000094       0x10 UniversalModuleDrivers/adc.o
                0x000000a4                . = ALIGN (0x2)
                0x000000a4                __trampolines_start = .
 *(.trampolines)
 .trampolines   0x000000a4        0x0 linker stubs
 *(.trampolines*)
                0x000000a4                __trampolines_end = .
 *libprintf_flt.a:*(.progmem.data)
 *libc.a:*(.progmem.data)
 *(.progmem*)
                0x000000a4                . = ALIGN (0x2)
 *(.jumptables)
 *(.jumptables*)
 *(.lowtext)
 *(.lowtext*)
                0x000000a4                __ctors_start = .
 *(.ctors)
                0x000000a4                __ctors_end = .
                0x000000a4                __dtors_start = .
 *(.dtors)
                0x000000a4                __dtors_end = .
 SORT(*)(.ctors)
 SORT(*)(.dtors)
 *(.init0)
 .init0         0x000000a4        0x0 C:/Program Files (x86)/Atmel/Studio/7.0/Packs/atmel/ATmega_DFP/1.1.130/gcc/dev/at90can128/avr51/crtat90can128.o
                0x000000a4                __init
 *(.init0)
 *(.init1)
 *(.init1)
 *(.init2)
 .init2         0x000000a4        0xc C:/Program Files (x86)/Atmel/Studio/7.0/Packs/atmel/ATmega_DFP/1.1.130/gcc/dev/at90can128/avr51/crtat90can128.o
 *(.init2)
 *(.init3)
 *(.init3)
 *(.init4)
 .init4         0x000000b0       0x1a c:/program files (x86)/atmel/studio/7.0/toolchain/avr8/avr8-gnu-toolchain/bin/../lib/gcc/avr/5.4.0/avr51\libgcc.a(_copy_data.o)
                0x000000b0                __do_copy_data
 .init4         0x000000ca       0x10 c:/program files (x86)/atmel/studio/7.0/toolchain/avr8/avr8-gnu-toolchain/bin/../lib/gcc/avr/5.4.0/avr51\libgcc.a(_clear_bss.o)
                0x000000ca                __do_clear_bss
 *(.init4)
 *(.init5)
 *(.init5)
 *(.init6)
 *(.init6)
 *(.init7)
 *(.init7)
 *(.init8)
 *(.init8)
 *(.init9)
 .init9         0x000000da        0x6 C:/Program Files (x86)/Atmel/Studio/7.0/Packs/atmel/ATmega_DFP/1.1.130/gcc/dev/at90can128/avr51/crtat90can128.o
 *(.init9)
 *(.text)
 .text          0x000000e0        0x2 C:/Program Files (x86)/Atmel/Studio/7.0/Packs/atmel/ATmega_DFP/1.1.130/gcc/dev/at90can128/avr51/crtat90can128.o
                0x000000e0                __vector_28
                0x000000e0                __vector_1
                0x000000e0                __vector_34
                0x000000e0                __vector_24
                0x000000e0                __bad_interrupt
                0x000000e0                __vector_31
                0x000000e0                __vector_35
                0x000000e0                __vector_3
                0x000000e0                __vector_23
                0x000000e0                __vector_30
                0x000000e0                __vector_25
                0x000000e0                __vector_11
                0x000000e0                __vector_13
                0x000000e0                __vector_19
                0x000000e0                __vector_7
                0x000000e0                __vector_27
                0x000000e0                __vector_5
                0x000000e0                __vector_4
                0x000000e0                __vector_9
                0x000000e0                __vector_2
                0x000000e0                __vector_15
                0x000000e0                __vector_36
                0x000000e0                __vector_29
                0x000000e0                __vector_8
                0x000000e0                __vector_26
                0x000000e0                __vector_14
                0x000000e0                __vector_10
                0x000000e0                __vector_20
                0x000000e2                . = ALIGN (0x2)
 *(.text.*)
 .text.drivers.part.0
                0x000000e2        0x4 controller.o
 .text.reset_I  0x000000e6       0x12 controller.o
                0x000000e6                reset_I
 .text.controller
                0x000000f8      0x216 controller.o
                0x000000f8                controller
 .text.drivers_init
                0x0000030e        0x4 controller.o
                0x0000030e                drivers_init
 .text.drivers  0x00000312        0x8 controller.o
                0x00000312                drivers
 .text.manage_motor
                0x0000031a       0xc8 controller.o
                0x0000031a                manage_motor
 .text.SPI_handler_0
                0x000003e2       0x3c DigiCom.o
                0x000003e2                SPI_handler_0
 .text.SPI_handler_1
                0x0000041e       0x3c DigiCom.o
                0x0000041e                SPI_handler_1
 .text.SPI_handler_2
                0x0000045a       0x62 DigiCom.o
                0x0000045a                SPI_handler_2
 .text.SPI_handler_4
                0x000004bc       0x3c DigiCom.o
                0x000004bc                SPI_handler_4
 .text.handle_can
                0x000004f8       0x92 DigiCom.o
                0x000004f8                handle_can
 .text.handle_motor_status_can_msg
                0x0000058a       0x84 DigiCom.o
                0x0000058a                handle_motor_status_can_msg
 .text.receive_uart
                0x0000060e       0x8a DigiCom.o
                0x0000060e                receive_uart
 .text.send_uart
                0x00000698       0x76 DigiCom.o
                0x00000698                send_uart
 .text.manage_LEDs
                0x0000070e       0x44 DigiCom.o
                0x0000070e                manage_LEDs
 .text.speed_init
                0x00000752       0x16 speed.o
                0x00000752                speed_init
 .text.handle_speed_sensor
                0x00000768       0x8c speed.o
                0x00000768                handle_speed_sensor
 .text.uart0_putc
                0x000007f4       0x2c usart.o
                0x000007f4                uart0_putc
                0x000007f4                uart0_putc_
 .text.uart0_flush
                0x00000820        0xe usart.o
                0x00000820                uart0_flush
 .text.uart1_putc
                0x0000082e       0x2c usart.o
                0x0000082e                uart1_putc
                0x0000082e                uart1_putc_
 .text.uart_putchar
                0x0000085a       0x30 usart.o
                0x0000085a                uart_putchar
 .text.uart0_getc
                0x0000088a       0x24 usart.o
                0x0000088a                uart0_getc
 .text.uart0_getlnToFirstWhiteSpace
                0x000008ae       0x2c usart.o
                0x000008ae                uart0_getlnToFirstWhiteSpace
 .text.uart0_getint
                0x000008da       0x36 usart.o
                0x000008da                uart0_getint
 .text.uart0_getData
                0x00000910       0x28 usart.o
                0x00000910                uart0_getData
 .text.uart1_getData
                0x00000938       0x28 usart.o
                0x00000938                uart1_getData
 .text.uart_getchar
                0x00000960       0x20 usart.o
                0x00000960                uart_getchar
 .text.__vector_22
                0x00000980       0x3c usart.o
                0x00000980                __vector_22
 .text.__vector_21
                0x000009bc       0x36 usart.o
                0x000009bc                __vector_21
 .text.__vector_33
                0x000009f2       0x3c usart.o
                0x000009f2                __vector_33
 .text.__vector_32
                0x00000a2e       0x36 usart.o
                0x00000a2e                __vector_32
 .text.timer1_init_ts
                0x00000a64       0x30 main.o
                0x00000a64                timer1_init_ts
 .text.timer0_init_ts
                0x00000a94       0x1e main.o
                0x00000a94                timer0_init_ts
 .text.startup.main
                0x00000ab2       0xb0 main.o
                0x00000ab2                main
 .text.__vector_16
                0x00000b62      0x10a main.o
                0x00000b62                __vector_16
 .text.__vector_12
                0x00000c6c       0xb4 main.o
                0x00000c6c                __vector_12
 .text.__vector_6
                0x00000d20       0x2e main.o
                0x00000d20                __vector_6
 .text.handle_current_sensor
                0x00000d4e       0xe0 sensors.o
                0x00000d4e                handle_current_sensor
 .text.handle_temp_sensor
                0x00000e2e      0x104 sensors.o
                0x00000e2e                handle_temp_sensor
 .text.handle_joulemeter
                0x00000f32       0x6e sensors.o
                0x00000f32                handle_joulemeter
 .text.err_check
                0x00000fa0       0x6a sensors.o
                0x00000fa0                err_check
 .text.Set_ADC_Channel_ext
                0x0000100a       0x4a UniversalModuleDrivers/adc.o
                0x0000100a                Set_ADC_Channel_ext
 .text.__vector_18
                0x00001054      0x1da UniversalModuleDrivers/can.o
                0x00001054                __vector_18
 .text.can_init
                0x0000122e       0xa6 UniversalModuleDrivers/can.o
                0x0000122e                can_init
 .text.can_read_message_if_new
                0x000012d4       0x80 UniversalModuleDrivers/can.o
                0x000012d4                can_read_message_if_new
 .text.can_send_message
                0x00001354       0xf4 UniversalModuleDrivers/can.o
                0x00001354                can_send_message
 .text.pwm_init
                0x00001448       0x82 pwm.o
                0x00001448                pwm_init
 .text.rgbled_turn_off
                0x000014ca        0x8 UniversalModuleDrivers/rgbled.o
                0x000014ca                rgbled_turn_off
 .text.rgbled_init
                0x000014d2        0xa UniversalModuleDrivers/rgbled.o
                0x000014d2                rgbled_init
 .text.rgbled_turn_on
                0x000014dc        0xa UniversalModuleDrivers/rgbled.o
                0x000014dc                rgbled_turn_on
 .text.rgbled_toggle
                0x000014e6        0x8 UniversalModuleDrivers/rgbled.o
                0x000014e6                rgbled_toggle
 .text.spi_init
                0x000014ee       0x1c UniversalModuleDrivers/spi.o
                0x000014ee                spi_init
 .text.spi_trancieve
                0x0000150a       0x38 UniversalModuleDrivers/spi.o
                0x0000150a                spi_trancieve
 .text.__vector_17
                0x00001542       0x6a UniversalModuleDrivers/timer.o
                0x00001542                __vector_17
 .text.avr-libc.fplib
                0x000015ac        0xa c:/program files (x86)/atmel/studio/7.0/toolchain/avr8/avr8-gnu-toolchain/bin/../lib/gcc/avr/5.4.0/../../../../avr/lib/avr51\libm.a(addsf3.o)
                0x000015ac                __subsf3
                0x000015ae                __addsf3
 .text.avr-libc.fplib
                0x000015b6       0xc0 c:/program files (x86)/atmel/studio/7.0/toolchain/avr8/avr8-gnu-toolchain/bin/../lib/gcc/avr/5.4.0/../../../../avr/lib/avr51\libm.a(addsf3x.o)
                0x000015d0                __addsf3x
 .text.avr-libc.fplib
                0x00001676        0x8 c:/program files (x86)/atmel/studio/7.0/toolchain/avr8/avr8-gnu-toolchain/bin/../lib/gcc/avr/5.4.0/../../../../avr/lib/avr51\libm.a(cmpsf2.o)
                0x00001676                __nesf2
                0x00001676                __eqsf2
                0x00001676                __cmpsf2
                0x00001676                __ltsf2
                0x00001676                __lesf2
 .text.avr-libc.fplib
                0x0000167e        0x4 c:/program files (x86)/atmel/studio/7.0/toolchain/avr8/avr8-gnu-toolchain/bin/../lib/gcc/avr/5.4.0/../../../../avr/lib/avr51\libm.a(divsf3.o)
                0x0000167e                __divsf3
 .text.avr-libc.fplib
                0x00001682       0xcc c:/program files (x86)/atmel/studio/7.0/toolchain/avr8/avr8-gnu-toolchain/bin/../lib/gcc/avr/5.4.0/../../../../avr/lib/avr51\libm.a(divsf3x.o)
                0x00001698                __divsf3x
                0x0000169c                __divsf3_pse
 .text.avr-libc.fplib
                0x0000174e        0xa c:/program files (x86)/atmel/studio/7.0/toolchain/avr8/avr8-gnu-toolchain/bin/../lib/gcc/avr/5.4.0/../../../../avr/lib/avr51\libm.a(fixsfsi.o)
                0x0000174e                __fixsfsi
 .text.avr-libc.fplib
                0x00001758       0x58 c:/program files (x86)/atmel/studio/7.0/toolchain/avr8/avr8-gnu-toolchain/bin/../lib/gcc/avr/5.4.0/../../../../avr/lib/avr51\libm.a(fixunssfsi.o)
                0x00001758                __fixunssfsi
 .text.avr-libc.fplib
                0x000017b0       0x7a c:/program files (x86)/atmel/studio/7.0/toolchain/avr8/avr8-gnu-toolchain/bin/../lib/gcc/avr/5.4.0/../../../../avr/lib/avr51\libm.a(floatsisf.o)
                0x000017b0                __floatunsisf
                0x000017b4                __floatsisf
 .text.avr-libc.fplib
                0x0000182a       0x48 c:/program files (x86)/atmel/studio/7.0/toolchain/avr8/avr8-gnu-toolchain/bin/../lib/gcc/avr/5.4.0/../../../../avr/lib/avr51\libm.a(fp_cmp.o)
                0x0000182a                __fp_cmp
 .text.avr-libc.fplib
                0x00001872        0xc c:/program files (x86)/atmel/studio/7.0/toolchain/avr8/avr8-gnu-toolchain/bin/../lib/gcc/avr/5.4.0/../../../../avr/lib/avr51\libm.a(fp_inf.o)
                0x00001872                __fp_inf
 .text.avr-libc.fplib
                0x0000187e        0x6 c:/program files (x86)/atmel/studio/7.0/toolchain/avr8/avr8-gnu-toolchain/bin/../lib/gcc/avr/5.4.0/../../../../avr/lib/avr51\libm.a(fp_nan.o)
                0x0000187e                __fp_nan
 .text.avr-libc.fplib
                0x00001884        0xe c:/program files (x86)/atmel/studio/7.0/toolchain/avr8/avr8-gnu-toolchain/bin/../lib/gcc/avr/5.4.0/../../../../avr/lib/avr51\libm.a(fp_pscA.o)
                0x00001884                __fp_pscA
 .text.avr-libc.fplib
                0x00001892        0xe c:/program files (x86)/atmel/studio/7.0/toolchain/avr8/avr8-gnu-toolchain/bin/../lib/gcc/avr/5.4.0/../../../../avr/lib/avr51\libm.a(fp_pscB.o)
                0x00001892                __fp_pscB
 .text.avr-libc.fplib
                0x000018a0       0x22 c:/program files (x86)/atmel/studio/7.0/toolchain/avr8/avr8-gnu-toolchain/bin/../lib/gcc/avr/5.4.0/../../../../avr/lib/avr51\libm.a(fp_round.o)
                0x000018a0                __fp_round
 .text.avr-libc.fplib
                0x000018c2       0x44 c:/program files (x86)/atmel/studio/7.0/toolchain/avr8/avr8-gnu-toolchain/bin/../lib/gcc/avr/5.4.0/../../../../avr/lib/avr51\libm.a(fp_split3.o)
                0x000018c2                __fp_split3
                0x000018d2                __fp_splitA
 .text.avr-libc.fplib
                0x00001906        0xe c:/program files (x86)/atmel/studio/7.0/toolchain/avr8/avr8-gnu-toolchain/bin/../lib/gcc/avr/5.4.0/../../../../avr/lib/avr51\libm.a(fp_zero.o)
                0x00001906                __fp_zero
                0x00001908                __fp_szero
 .text.avr-libc.fplib
                0x00001914        0x8 c:/program files (x86)/atmel/studio/7.0/toolchain/avr8/avr8-gnu-toolchain/bin/../lib/gcc/avr/5.4.0/../../../../avr/lib/avr51\libm.a(gesf2.o)
                0x00001914                __gesf2
                0x00001914                __gtsf2
 .text.avr-libc.fplib
                0x0000191c        0x4 c:/program files (x86)/atmel/studio/7.0/toolchain/avr8/avr8-gnu-toolchain/bin/../lib/gcc/avr/5.4.0/../../../../avr/lib/avr51\libm.a(mulsf3.o)
                0x0000191c                __mulsf3
 .text.avr-libc.fplib
                0x00001920       0xc2 c:/program files (x86)/atmel/studio/7.0/toolchain/avr8/avr8-gnu-toolchain/bin/../lib/gcc/avr/5.4.0/../../../../avr/lib/avr51\libm.a(mulsf3x.o)
                0x00001934                __mulsf3x
                0x00001938                __mulsf3_pse
 .text.libgcc   0x000019e2       0x12 c:/program files (x86)/atmel/studio/7.0/toolchain/avr8/avr8-gnu-toolchain/bin/../lib/gcc/avr/5.4.0/avr51\libgcc.a(_tablejump2.o)
                0x000019e2                __tablejump2__
 .text.avr-libc
                0x000019f4       0x3a c:/program files (x86)/atmel/studio/7.0/toolchain/avr8/avr8-gnu-toolchain/bin/../lib/gcc/avr/5.4.0/../../../../avr/lib/avr51\libc.a(atoi.o)
                0x000019f4                atoi
 .text.avr-libc
                0x00001a2e       0x10 c:/program files (x86)/atmel/studio/7.0/toolchain/avr8/avr8-gnu-toolchain/bin/../lib/gcc/avr/5.4.0/../../../../avr/lib/avr51\libc.a(mul10.o)
                0x00001a2e                __mulhi_const_10
 .text.avr-libc
                0x00001a3e       0x26 c:/program files (x86)/atmel/studio/7.0/toolchain/avr8/avr8-gnu-toolchain/bin/../lib/gcc/avr/5.4.0/../../../../avr/lib/avr51\libc.a(printf.o)
                0x00001a3e                printf
 .text.avr-libc
                0x00001a64        0xa c:/program files (x86)/atmel/studio/7.0/toolchain/avr8/avr8-gnu-toolchain/bin/../lib/gcc/avr/5.4.0/../../../../avr/lib/avr51\libc.a(putchar.o)
                0x00001a64                putchar
 .text.avr-libc
                0x00001a6e      0x3fa c:/program files (x86)/atmel/studio/7.0/toolchain/avr8/avr8-gnu-toolchain/bin/../lib/gcc/avr/5.4.0/../../../../avr/lib/avr51\libc.a(vfprintf_std.o)
                0x00001a6e                vfprintf
 .text.avr-libc
                0x00001e68       0x16 c:/program files (x86)/atmel/studio/7.0/toolchain/avr8/avr8-gnu-toolchain/bin/../lib/gcc/avr/5.4.0/../../../../avr/lib/avr51\libc.a(strnlen_P.o)
                0x00001e68                strnlen_P
 .text.avr-libc
                0x00001e7e       0x16 c:/program files (x86)/atmel/studio/7.0/toolchain/avr8/avr8-gnu-toolchain/bin/../lib/gcc/avr/5.4.0/../../../../avr/lib/avr51\libc.a(strnlen.o)
                0x00001e7e                strnlen
 .text.avr-libc
                0x00001e94       0x78 c:/program files (x86)/atmel/studio/7.0/toolchain/avr8/avr8-gnu-toolchain/bin/../lib/gcc/avr/5.4.0/../../../../avr/lib/avr51\libc.a(fputc.o)
                0x00001e94                fputc
 .text.avr-libc
                0x00001f0c       0xbc c:/program files (x86)/atmel/studio/7.0/toolchain/avr8/avr8-gnu-toolchain/bin/../lib/gcc/avr/5.4.0/../../../../avr/lib/avr51\libc.a(ultoa_invert.o)
                0x00001f0c                __ultoa_invert
                0x00001fc8                . = ALIGN (0x2)
 *(.fini9)
 .fini9         0x00001fc8        0x0 c:/program files (x86)/atmel/studio/7.0/toolchain/avr8/avr8-gnu-toolchain/bin/../lib/gcc/avr/5.4.0/avr51\libgcc.a(_exit.o)
                0x00001fc8                _exit
                0x00001fc8                exit
 *(.fini9)
 *(.fini8)
 *(.fini8)
 *(.fini7)
 *(.fini7)
 *(.fini6)
 *(.fini6)
 *(.fini5)
 *(.fini5)
 *(.fini4)
 *(.fini4)
 *(.fini3)
 *(.fini3)
 *(.fini2)
 *(.fini2)
 *(.fini1)
 *(.fini1)
 *(.fini0)
 .fini0         0x00001fc8        0x4 c:/program files (x86)/atmel/studio/7.0/toolchain/avr8/avr8-gnu-toolchain/bin/../lib/gcc/avr/5.4.0/avr51\libgcc.a(_exit.o)
 *(.fini0)
                0x00001fcc                _etext = .

.data           0x00800100       0x34 load address 0x00001fcc
                0x00800100                PROVIDE (__data_start, .)
 *(.data)
 *(.data*)
 .data.f32_DutyCycleCmd
                0x00800100        0x4 controller.o
 .data.uart0_io
                0x00800104        0xe usart.o
                0x00800104                uart0_io
 .data.ComValues
                0x00800112       0x1b main.o
                0x00800112                ComValues
 *(.rodata)
 *(.rodata*)
 .rodata.str1.1
                0x0080012d        0x6 DigiCom.o
 *(.gnu.linkonce.d*)
                0x00800134                . = ALIGN (0x2)
 *fill*         0x00800133        0x1 
                0x00800134                _edata = .
                0x00800134                PROVIDE (__data_end, .)

.bss            0x00800134      0x247
                0x00800134                PROVIDE (__bss_start, .)
 *(.bss)
 *(.bss*)
 .bss.b_saturation
                0x00800134        0x1 controller.o
 .bss.f32_CurrentDelta
                0x00800135        0x4 controller.o
                0x00800135                f32_CurrentDelta
 .bss.f32_Integrator
                0x00800139        0x4 controller.o
 .bss.u8_rxBuffer
                0x0080013d        0x3 DigiCom.o
 .bss.u8_txBuffer
                0x00800140        0x2 DigiCom.o
 .bss.u16_speed_count
                0x00800142        0x2 main.o
 .bss.u8_SPI_count
                0x00800144        0x1 main.o
 .bss.send_can  0x00800145        0x1 main.o
 .bss.speed_handler_counter
                0x00800146        0x2 main.o
 .bss.can_sender_counter
                0x00800148        0x1 main.o
 .bss.reset     0x00800149        0x1 UniversalModuleDrivers/can.o
 .bss.rx_on     0x0080014a        0x1 UniversalModuleDrivers/can.o
 .bss.rx_off    0x0080014b        0x1 UniversalModuleDrivers/can.o
 .bss.tx_busy   0x0080014c        0x1 UniversalModuleDrivers/can.o
 .bss.tx_on     0x0080014d        0x1 UniversalModuleDrivers/can.o
 .bss.tx_off    0x0080014e        0x1 UniversalModuleDrivers/can.o
 .bss.rx_frames
                0x0080014f       0xb0 UniversalModuleDrivers/can.o
 .bss.tx_frames
                0x008001ff       0xb0 UniversalModuleDrivers/can.o
 .bss.elapsed_microseconds
                0x008002af       0x20 UniversalModuleDrivers/timer.o
 .bss.timer_enabled
                0x008002cf        0x8 UniversalModuleDrivers/timer.o
 *(COMMON)
 COMMON         0x008002d7       0x16 DigiCom.o
                0x008002d7                rxFrame
                0x008002e2                txFrame
 COMMON         0x008002ed       0x88 usart.o
                0x008002ed                rx0_buffer
                0x0080030d                rx1_Tail
                0x0080030e                tx0_Tail
                0x0080030f                rx0_Tail
                0x00800310                tx1_buffer
                0x00800330                tx0_Head
                0x00800331                rx1_buffer
                0x00800351                rx0_Head
                0x00800352                tx1_Tail
                0x00800353                rx1_Head
                0x00800354                tx1_Head
                0x00800355                tx0_buffer
 COMMON         0x00800375        0x6 c:/program files (x86)/atmel/studio/7.0/toolchain/avr8/avr8-gnu-toolchain/bin/../lib/gcc/avr/5.4.0/../../../../avr/lib/avr51\libc.a(iob.o)
                0x00800375                __iob
                0x0080037b                PROVIDE (__bss_end, .)
                0x00001fcc                __data_load_start = LOADADDR (.data)
                0x00002000                __data_load_end = (__data_load_start + SIZEOF (.data))

.noinit         0x0080037b        0x0
                [!provide]                PROVIDE (__noinit_start, .)
 *(.noinit*)
                [!provide]                PROVIDE (__noinit_end, .)
                0x0080037b                _end = .
                0x0080037b                PROVIDE (__heap_start, .)

.eeprom         0x00810000        0x0
 *(.eeprom*)
                0x00810000                __eeprom_end = .

.fuse
 *(.fuse)
 *(.lfuse)
 *(.hfuse)
 *(.efuse)

.lock
 *(.lock*)

.signature
 *(.signature*)

.user_signatures
 *(.user_signatures*)

.stab
 *(.stab)

.stabstr
 *(.stabstr)

.stab.excl
 *(.stab.excl)

.stab.exclstr
 *(.stab.exclstr)

.stab.index
 *(.stab.index)

.stab.indexstr
 *(.stab.indexstr)

.comment        0x00000000       0x5c
 *(.comment)
 .comment       0x00000000       0x30 controller.o
                                 0x31 (size before relaxing)
 .comment       0x00000030       0x31 DigiCom.o
 .comment       0x00000030       0x31 speed.o
 .comment       0x00000030       0x31 usart.o
 .comment       0x00000030       0x31 main.o
 .comment       0x00000030       0x31 sensors.o
 .comment       0x00000030       0x31 UniversalModuleDrivers/adc.o
 .comment       0x00000030       0x31 UniversalModuleDrivers/can.o
 .comment       0x00000030       0x31 pwm.o
 .comment       0x00000030       0x31 UniversalModuleDrivers/rgbled.o
 .comment       0x00000030       0x31 UniversalModuleDrivers/spi.o
 .comment       0x00000030       0x31 UniversalModuleDrivers/timer.o
 .comment       0x00000030       0x31 c:/program files (x86)/atmel/studio/7.0/toolchain/avr8/avr8-gnu-toolchain/bin/../lib/gcc/avr/5.4.0/../../../../avr/lib/avr51\libc.a(iob.o)
 .comment       0x00000030       0x31 c:/program files (x86)/atmel/studio/7.0/toolchain/avr8/avr8-gnu-toolchain/bin/../lib/gcc/avr/5.4.0/../../../../avr/lib/avr51\libc.a(printf.o)
 .comment       0x00000030       0x31 c:/program files (x86)/atmel/studio/7.0/toolchain/avr8/avr8-gnu-toolchain/bin/../lib/gcc/avr/5.4.0/../../../../avr/lib/avr51\libc.a(putchar.o)
 .comment       0x00000030       0x2c c:/program files (x86)/atmel/studio/7.0/toolchain/avr8/avr8-gnu-toolchain/bin/../lib/gcc/avr/5.4.0/../../../../avr/lib/avr51\libc.a(vfprintf_std.o)
                                 0x2d (size before relaxing)
 .comment       0x0000005c       0x31 c:/program files (x86)/atmel/studio/7.0/toolchain/avr8/avr8-gnu-toolchain/bin/../lib/gcc/avr/5.4.0/../../../../avr/lib/avr51\libc.a(fputc.o)

.note.gnu.avr.deviceinfo
                0x00000000       0x40
 .note.gnu.avr.deviceinfo
                0x00000000       0x40 C:/Program Files (x86)/Atmel/Studio/7.0/Packs/atmel/ATmega_DFP/1.1.130/gcc/dev/at90can128/avr51/crtat90can128.o

.note.gnu.build-id
 *(.note.gnu.build-id)

.debug
 *(.debug)

.line
 *(.line)

.debug_srcinfo
 *(.debug_srcinfo)

.debug_sfnames
 *(.debug_sfnames)

.debug_aranges
 *(.debug_aranges)

.debug_pubnames
 *(.debug_pubnames)

.debug_info     0x00000000      0xa2d
 *(.debug_info .gnu.linkonce.wi.*)
 .debug_info    0x00000000      0xa2d C:/Program Files (x86)/Atmel/Studio/7.0/Packs/atmel/ATmega_DFP/1.1.130/gcc/dev/at90can128/avr51/crtat90can128.o

.debug_abbrev   0x00000000      0x9a0
 *(.debug_abbrev)
 .debug_abbrev  0x00000000      0x9a0 C:/Program Files (x86)/Atmel/Studio/7.0/Packs/atmel/ATmega_DFP/1.1.130/gcc/dev/at90can128/avr51/crtat90can128.o

.debug_line     0x00000000      0x175
 *(.debug_line .debug_line.* .debug_line_end)
 .debug_line    0x00000000      0x175 C:/Program Files (x86)/Atmel/Studio/7.0/Packs/atmel/ATmega_DFP/1.1.130/gcc/dev/at90can128/avr51/crtat90can128.o

.debug_frame
 *(.debug_frame)

.debug_str      0x00000000      0x39f
 *(.debug_str)
 .debug_str     0x00000000      0x39f C:/Program Files (x86)/Atmel/Studio/7.0/Packs/atmel/ATmega_DFP/1.1.130/gcc/dev/at90can128/avr51/crtat90can128.o

.debug_loc
 *(.debug_loc)

.debug_macinfo
 *(.debug_macinfo)

.debug_weaknames
 *(.debug_weaknames)

.debug_funcnames
 *(.debug_funcnames)

.debug_typenames
 *(.debug_typenames)

.debug_varnames
 *(.debug_varnames)

.debug_pubtypes
 *(.debug_pubtypes)

.debug_ranges
 *(.debug_ranges)

.debug_macro
 *(.debug_macro)
OUTPUT(MotorController_2018.elf elf32-avr)
LOAD linker stubs
